Component: ARM Compiler 5.06 update 7 (build 960) Tool: armlink [4d3601]

==============================================================================

Section Cross References

    startup_stm32f10x_md.o(STACK) refers (Special) to heapauxi.o(.text) for __use_two_region_memory
    startup_stm32f10x_md.o(HEAP) refers (Special) to heapauxi.o(.text) for __use_two_region_memory
    startup_stm32f10x_md.o(RESET) refers (Special) to heapauxi.o(.text) for __use_two_region_memory
    startup_stm32f10x_md.o(RESET) refers to startup_stm32f10x_md.o(STACK) for __initial_sp
    startup_stm32f10x_md.o(RESET) refers to startup_stm32f10x_md.o(.text) for Reset_Handler
    startup_stm32f10x_md.o(RESET) refers to stm32f10x_it.o(i.NMI_Handler) for NMI_Handler
    startup_stm32f10x_md.o(RESET) refers to stm32f10x_it.o(i.HardFault_Handler) for HardFault_Handler
    startup_stm32f10x_md.o(RESET) refers to stm32f10x_it.o(i.MemManage_Handler) for MemManage_Handler
    startup_stm32f10x_md.o(RESET) refers to stm32f10x_it.o(i.BusFault_Handler) for BusFault_Handler
    startup_stm32f10x_md.o(RESET) refers to stm32f10x_it.o(i.UsageFault_Handler) for UsageFault_Handler
    startup_stm32f10x_md.o(RESET) refers to stm32f10x_it.o(i.SVC_Handler) for SVC_Handler
    startup_stm32f10x_md.o(RESET) refers to stm32f10x_it.o(i.DebugMon_Handler) for DebugMon_Handler
    startup_stm32f10x_md.o(RESET) refers to stm32f10x_it.o(i.PendSV_Handler) for PendSV_Handler
    startup_stm32f10x_md.o(RESET) refers to stm32f10x_it.o(i.SysTick_Handler) for SysTick_Handler
    startup_stm32f10x_md.o(RESET) refers to main.o(i.TIM1_UP_IRQHandler) for TIM1_UP_IRQHandler
    startup_stm32f10x_md.o(RESET) refers to serial.o(i.USART1_IRQHandler) for USART1_IRQHandler
    startup_stm32f10x_md.o(RESET) refers to blueserial.o(i.USART2_IRQHandler) for USART2_IRQHandler
    startup_stm32f10x_md.o(.text) refers (Special) to heapauxi.o(.text) for __use_two_region_memory
    startup_stm32f10x_md.o(.text) refers to system_stm32f10x.o(i.SystemInit) for SystemInit
    startup_stm32f10x_md.o(.text) refers to __main.o(!!!main) for __main
    startup_stm32f10x_md.o(.text) refers to startup_stm32f10x_md.o(HEAP) for Heap_Mem
    startup_stm32f10x_md.o(.text) refers to startup_stm32f10x_md.o(STACK) for Stack_Mem
    system_stm32f10x.o(i.SetSysClock) refers to system_stm32f10x.o(i.SetSysClockTo72) for SetSysClockTo72
    system_stm32f10x.o(i.SystemCoreClockUpdate) refers to system_stm32f10x.o(.data) for SystemCoreClock
    system_stm32f10x.o(i.SystemInit) refers to system_stm32f10x.o(i.SetSysClock) for SetSysClock
    stm32f10x_adc.o(i.ADC_DeInit) refers to stm32f10x_rcc.o(i.RCC_APB2PeriphResetCmd) for RCC_APB2PeriphResetCmd
    stm32f10x_bkp.o(i.BKP_DeInit) refers to stm32f10x_rcc.o(i.RCC_BackupResetCmd) for RCC_BackupResetCmd
    stm32f10x_can.o(i.CAN_DeInit) refers to stm32f10x_rcc.o(i.RCC_APB1PeriphResetCmd) for RCC_APB1PeriphResetCmd
    stm32f10x_can.o(i.CAN_GetITStatus) refers to stm32f10x_can.o(i.CheckITStatus) for CheckITStatus
    stm32f10x_cec.o(i.CEC_DeInit) refers to stm32f10x_rcc.o(i.RCC_APB1PeriphResetCmd) for RCC_APB1PeriphResetCmd
    stm32f10x_dac.o(i.DAC_DeInit) refers to stm32f10x_rcc.o(i.RCC_APB1PeriphResetCmd) for RCC_APB1PeriphResetCmd
    stm32f10x_flash.o(i.FLASH_EnableWriteProtection) refers to stm32f10x_flash.o(i.FLASH_WaitForLastOperation) for FLASH_WaitForLastOperation
    stm32f10x_flash.o(i.FLASH_EraseAllBank1Pages) refers to stm32f10x_flash.o(i.FLASH_WaitForLastBank1Operation) for FLASH_WaitForLastBank1Operation
    stm32f10x_flash.o(i.FLASH_EraseAllPages) refers to stm32f10x_flash.o(i.FLASH_WaitForLastOperation) for FLASH_WaitForLastOperation
    stm32f10x_flash.o(i.FLASH_EraseOptionBytes) refers to stm32f10x_flash.o(i.FLASH_GetReadOutProtectionStatus) for FLASH_GetReadOutProtectionStatus
    stm32f10x_flash.o(i.FLASH_EraseOptionBytes) refers to stm32f10x_flash.o(i.FLASH_WaitForLastOperation) for FLASH_WaitForLastOperation
    stm32f10x_flash.o(i.FLASH_ErasePage) refers to stm32f10x_flash.o(i.FLASH_WaitForLastOperation) for FLASH_WaitForLastOperation
    stm32f10x_flash.o(i.FLASH_ProgramHalfWord) refers to stm32f10x_flash.o(i.FLASH_WaitForLastOperation) for FLASH_WaitForLastOperation
    stm32f10x_flash.o(i.FLASH_ProgramOptionByteData) refers to stm32f10x_flash.o(i.FLASH_WaitForLastOperation) for FLASH_WaitForLastOperation
    stm32f10x_flash.o(i.FLASH_ProgramWord) refers to stm32f10x_flash.o(i.FLASH_WaitForLastOperation) for FLASH_WaitForLastOperation
    stm32f10x_flash.o(i.FLASH_ReadOutProtection) refers to stm32f10x_flash.o(i.FLASH_WaitForLastOperation) for FLASH_WaitForLastOperation
    stm32f10x_flash.o(i.FLASH_UserOptionByteConfig) refers to stm32f10x_flash.o(i.FLASH_WaitForLastOperation) for FLASH_WaitForLastOperation
    stm32f10x_flash.o(i.FLASH_WaitForLastBank1Operation) refers to stm32f10x_flash.o(i.FLASH_GetBank1Status) for FLASH_GetBank1Status
[...]
    CAN1_SCE_IRQHandler                      0x0800028f   Thumb Code     0  startup_stm32f10x_md.o(.text)
    DMA1_Channel1_IRQHandler                 0x0800028f   Thumb Code     0  startup_stm32f10x_md.o(.text)
    DMA1_Channel2_IRQHandler                 0x0800028f   Thumb Code     0  startup_stm32f10x_md.o(.text)
    DMA1_Channel3_IRQHandler                 0x0800028f   Thumb Code     0  startup_stm32f10x_md.o(.text)
    DMA1_Channel4_IRQHandler                 0x0800028f   Thumb Code     0  startup_stm32f10x_md.o(.text)
    DMA1_Channel5_IRQHandler                 0x0800028f   Thumb Code     0  startup_stm32f10x_md.o(.text)
    DMA1_Channel6_IRQHandler                 0x0800028f   Thumb Code     0  startup_stm32f10x_md.o(.text)
    DMA1_Channel7_IRQHandler                 0x0800028f   Thumb Code     0  startup_stm32f10x_md.o(.text)
    EXTI0_IRQHandler                         0x0800028f   Thumb Code     0  startup_stm32f10x_md.o(.text)
    EXTI15_10_IRQHandler                     0x0800028f   Thumb Code     0  startup_stm32f10x_md.o(.text)
    EXTI1_IRQHandler                         0x0800028f   Thumb Code     0  startup_stm32f10x_md.o(.text)
    EXTI2_IRQHandler                         0x0800028f   Thumb Code     0  startup_stm32f10x_md.o(.text)
    EXTI3_IRQHandler                         0x0800028f   Thumb Code     0  startup_stm32f10x_md.o(.text)
    EXTI4_IRQHandler                         0x0800028f   Thumb Code     0  startup_stm32f10x_md.o(.text)
    EXTI9_5_IRQHandler                       0x0800028f   Thumb Code     0  startup_stm32f10x_md.o(.text)
    FLASH_IRQHandler                         0x0800028f   Thumb Code     0  startup_stm32f10x_md.o(.text)
    I2C1_ER_IRQHandler                       0x0800028f   Thumb Code     0  startup_stm32f10x_md.o(.text)
    I2C1_EV_IRQHandler                       0x0800028f   Thumb Code     0  startup_stm32f10x_md.o(.text)
    I2C2_ER_IRQHandler                       0x0800028f   Thumb Code     0  startup_stm32f10x_md.o(.text)
    I2C2_EV_IRQHandler                       0x0800028f   Thumb Code     0  startup_stm32f10x_md.o(.text)
    PVD_IRQHandler                           0x0800028f   Thumb Code     0  startup_stm32f10x_md.o(.text)
    RCC_IRQHandler                           0x0800028f   Thumb Code     0  startup_stm32f10x_md.o(.text)
    RTCAlarm_IRQHandler                      0x0800028f   Thumb Code     0  startup_stm32f10x_md.o(.text)
    RTC_IRQHandler                           0x0800028f   Thumb Code     0  startup_stm32f10x_md.o(.text)
    SPI1_IRQHandler                          0x0800028f   Thumb Code     0  startup_stm32f10x_md.o(.text)
    SPI2_IRQHandler                          0x0800028f   Thumb Code     0  startup_stm32f10x_md.o(.text)
    TAMPER_IRQHandler                        0x0800028f   Thumb Code     0  startup_stm32f10x_md.o(.text)
    TIM1_BRK_IRQHandler                      0x0800028f   Thumb Code     0  startup_stm32f10x_md.o(.text)
    TIM1_CC_IRQHandler                       0x0800028f   Thumb Code     0  startup_stm32f10x_md.o(.text)
    TIM1_TRG_COM_IRQHandler                  0x0800028f   Thumb Code     0  startup_stm32f10x_md.o(.text)
    TIM2_IRQHandler                          0x0800028f   Thumb Code     0  startup_stm32f10x_md.o(.text)
    TIM3_IRQHandler                          0x0800028f   Thumb Code     0  startup_stm32f10x_md.o(.text)
    TIM4_IRQHandler                          0x0800028f   Thumb Code     0  startup_stm32f10x_md.o(.text)
    USART3_IRQHandler                        0x0800028f   Thumb Code     0  startup_stm32f10x_md.o(.text)
    USBWakeUp_IRQHandler                     0x0800028f   Thumb Code     0  startup_stm32f10x_md.o(.text)
    USB_HP_CAN1_TX_IRQHandler                0x0800028f   Thumb Code     0  startup_stm32f10x_md.o(.text)
    USB_LP_CAN1_RX0_IRQHandler               0x0800028f   Thumb Code     0  startup_stm32f10x_md.o(.text)
    WWDG_IRQHandler                          0x0800028f   Thumb Code     0  startup_stm32f10x_md.o(.text)
    __user_initial_stackheap                 0x08000291   Thumb Code     0  startup_stm32f10x_md.o(.text)
    vsprintf                                 0x080002b5   Thumb Code    32  vsprintf.o(.text)
    atoi                                     0x080002d9   Thumb Code    26  atoi.o(.text)
    __aeabi_memclr4                          0x080002f3   Thumb Code     0  rt_memclr_w.o(.text)
    __aeabi_memclr8                          0x080002f3   Thumb Code     0  rt_memclr_w.o(.text)
    __rt_memclr_w                            0x080002f3   Thumb Code    78  rt_memclr_w.o(.text)
    _memset_w                                0x080002f7   Thumb Code     0  rt_memclr_w.o(.text)
    strcmp                                   0x08000341   Thumb Code   128  strcmpv7m.o(.text)
    __use_two_region_memory                  0x080003c1   Thumb Code     2  heapauxi.o(.text)
    __rt_heap_escrow$2region                 0x080003c3   Thumb Code     2  heapauxi.o(.text)
    __rt_heap_expand$2region                 0x080003c5   Thumb Code     2  heapauxi.o(.text)
    __aeabi_errno_addr                       0x080003c9   Thumb Code     8  rt_errno_addr_intlibspace.o(.text)
    __errno$intlibspace                      0x080003c9   Thumb Code     0  rt_errno_addr_intlibspace.o(.text)
    __rt_errno_addr$intlibspace              0x080003c9   Thumb Code     0  rt_errno_addr_intlibspace.o(.text)
    __read_errno                             0x080003d1   Thumb Code    10  _rserrno.o(.text)
    __set_errno                              0x080003db   Thumb Code    12  _rserrno.o(.text)
    _printf_pre_padding                      0x080003e7   Thumb Code    44  _printf_pad.o(.text)
    _printf_post_padding                     0x08000413   Thumb Code    34  _printf_pad.o(.text)
    _printf_truncate_signed                  0x08000435   Thumb Code    18  _printf_truncate.o(.text)
    _printf_truncate_unsigned                0x08000447   Thumb Code    18  _printf_truncate.o(.text)
    _printf_str                              0x08000459   Thumb Code    82  _printf_str.o(.text)
    _printf_int_dec                          0x080004ad   Thumb Code   104  _printf_dec.o(.text)
    _printf_charcount                        0x08000525   Thumb Code    40  _printf_charcount.o(.text)
    _printf_char_common                      0x08000557   Thumb Code    32  _printf_char_common.o(.text)
    _sputc                                   0x0800057d   Thumb Code    10  _sputc.o(.text)
    _printf_wctomb                           0x08000589   Thumb Code   182  _printf_wctomb.o(.text)
    _printf_longlong_dec                     0x08000645   Thumb Code   108  _printf_longlong_dec.o(.text)
    _printf_longlong_oct                     0x080006c1   Thumb Code    66  _printf_oct_int_ll.o(.text)
    _printf_int_oct                          0x08000703   Thumb Code    24  _printf_oct_int_ll.o(.text)
    _printf_ll_oct                           0x0800071b   Thumb Code    12  _printf_oct_int_ll.o(.text)
    _printf_longlong_hex                     0x08000731   Thumb Code    86  _printf_hex_int_ll_ptr.o(.text)
    _printf_int_hex                          0x08000787   Thumb Code    28  _printf_hex_int_ll_ptr.o(.text)
    _printf_ll_hex                           0x080007a3   Thumb Code    12  _printf_hex_int_ll_ptr.o(.text)
    _printf_hex_ptr                          0x080007af   Thumb Code    18  _printf_hex_int_ll_ptr.o(.text)
    __printf                                 0x080007c5   Thumb Code   388  __printf_flags_ss_wp.o(.text)
    strtol                                   0x0800094d   Thumb Code   112  strtol.o(.text)
    __user_libspace                          0x080009bd   Thumb Code     8  libspace.o(.text)
    __user_perproc_libspace                  0x080009bd   Thumb Code     0  libspace.o(.text)
    __user_perthread_libspace                0x080009bd   Thumb Code     0  libspace.o(.text)
    __rt_ctype_table                         0x080009c5   Thumb Code    16  rt_ctype_table.o(.text)
    _ll_udiv10                               0x080009d5   Thumb Code   138  lludiv10.o(.text)
    _printf_int_common                       0x08000a5f   Thumb Code   178  _printf_intcommon.o(.text)
    __lib_sel_fp_printf                      0x08000b11   Thumb Code     2  _printf_fp_dec.o(.text)
    _printf_fp_dec_real                      0x08000cc3   Thumb Code   620  _printf_fp_dec.o(.text)
    _printf_fp_hex_real                      0x08000f31   Thumb Code   756  _printf_fp_hex.o(.text)
    _printf_cs_common                        0x0800122d   Thumb Code    20  _printf_char.o(.text)
    _printf_char                             0x08001241   Thumb Code    16  _printf_char.o(.text)
    _printf_string                           0x08001251   Thumb Code     8  _printf_char.o(.text)
    _printf_lcs_common                       0x08001259   Thumb Code    20  _printf_wchar.o(.text)
    _printf_wchar                            0x0800126d   Thumb Code    16  _printf_wchar.o(.text)
    _printf_wstring                          0x0800127d   Thumb Code     8  _printf_wchar.o(.text)
    _strtoul                                 0x08001285   Thumb Code   158  _strtoul.o(.text)
    _wcrtomb                                 0x08001323   Thumb Code    64  _wcrtomb.o(.text)
    __user_setup_stackheap                   0x08001363   Thumb Code    74  sys_stackheap_outer.o(.text)
    __rt_locale                              0x080013ad   Thumb Code     8  rt_locale_intlibspace.o(.text)
    _printf_fp_infnan                        0x080013b5   Thumb Code   112  _printf_fp_infnan.o(.text)
    _chval                                   0x08001435   Thumb Code    28  _chval.o(.text)
    _btod_etento                             0x08001451   Thumb Code   224  bigflt0.o(.text)
    exit                                     0x08001535   Thumb Code    18  exit.o(.text)
    _sys_exit                                0x08001549   Thumb Code     8  sys_exit.o(.text)
    __I$use$semihosting                      0x08001555   Thumb Code     0  use_no_semi.o(.text)
    __use_no_semihosting_swi                 0x08001555   Thumb Code     2  use_no_semi.o(.text)
    __semihosting_library_function           0x08001557   Thumb Code     0  indicate_semi.o(.text)
    _btod_d2e                                0x08001557   Thumb Code    62  btod.o(CL$$btod_d2e)
    _d2e_denorm_low                          0x08001595   Thumb Code    70  btod.o(CL$$btod_d2e_denorm_low)
    _d2e_norm_op1                            0x080015db   Thumb Code    96  btod.o(CL$$btod_d2e_norm_op1)
    __btod_div_common                        0x0800163b   Thumb Code   696  btod.o(CL$$btod_div_common)
    _e2e                                     0x08001973   Thumb Code   220  btod.o(CL$$btod_e2e)
    _btod_ediv                               0x08001a4f   Thumb Code    42  btod.o(CL$$btod_ediv)
    _btod_emul                               0x08001a79   Thumb Code    42  btod.o(CL$$btod_emul)
    __btod_mult_common                       0x08001aa3   Thumb Code   580  btod.o(CL$$btod_mult_common)
    BlueSerial_ClearBuffer                   0x08001ce9   Thumb Code    20  blueserial.o(i.BlueSerial_ClearBuffer)
    BlueSerial_Get                           0x08001d01   Thumb Code    62  blueserial.o(i.BlueSerial_Get)
    BlueSerial_IRQHandler                    0x08001d4d   Thumb Code    12  blueserial.o(i.BlueSerial_IRQHandler)
    BlueSerial_Init                          0x08001d59   Thumb Code   170  blueserial.o(i.BlueSerial_Init)
    BlueSerial_Length                        0x08001e0d   Thumb Code    26  blueserial.o(i.BlueSerial_Length)
    BlueSerial_Printf                        0x08001e31   Thumb Code    36  blueserial.o(i.BlueSerial_Printf)
    BlueSerial_Put                           0x08001e55   Thumb Code    68  blueserial.o(i.BlueSerial_Put)
    BlueSerial_Read                          0x08001ea5   Thumb Code    24  blueserial.o(i.BlueSerial_Read)
    BlueSerial_Receive                       0x08001ec5   Thumb Code   168  blueserial.o(i.BlueSerial_Receive)
    BlueSerial_ReceiveFlag                   0x08001f75   Thumb Code    58  blueserial.o(i.BlueSerial_ReceiveFlag)
    BlueSerial_SendByte                      0x08001fb1   Thumb Code    28  blueserial.o(i.BlueSerial_SendByte)
    BlueSerial_SendString                    0x08001fd1   Thumb Code    26  blueserial.o(i.BlueSerial_SendString)
    BusFault_Handler                         0x08001feb   Thumb Code     4  stm32f10x_it.o(i.BusFault_Handler)
    DebugMode                                0x08001ff1   Thumb Code   128  debugmode.o(i.DebugMode)
    DebugMon_Handler                         0x080020d5   Thumb Code     2  stm32f10x_it.o(i.DebugMon_Handler)
    Delay_ms                                 0x080020d7   Thumb Code    24  delay.o(i.Delay_ms)
    Delay_us                                 0x080020ef   Thumb Code    46  delay.o(i.Delay_us)
    Encoder_Get                              0x0800211d   Thumb Code    56  encoder.o(i.Encoder_Get)
    Encoder_Init                             0x0800215d   Thumb Code   296  encoder.o(i.Encoder_Init)
    FLASH_ErasePage                          0x08002295   Thumb Code    72  stm32f10x_flash.o(i.FLASH_ErasePage)
    FLASH_GetBank1Status                     0x080022e1   Thumb Code    48  stm32f10x_flash.o(i.FLASH_GetBank1Status)
    FLASH_Lock                               0x08002315   Thumb Code    14  stm32f10x_flash.o(i.FLASH_Lock)
    FLASH_ProgramHalfWord                    0x08002329   Thumb Code    60  stm32f10x_flash.o(i.FLASH_ProgramHalfWord)
    FLASH_Unlock                             0x08002369   Thumb Code    12  stm32f10x_flash.o(i.FLASH_Unlock)
    FLASH_WaitForLastOperation               0x08002381   Thumb Code    38  stm32f10x_flash.o(i.FLASH_WaitForLastOperation)
    GPIO_Init                                0x080023a7   Thumb Code   278  stm32f10x_gpio.o(i.GPIO_Init)
    GPIO_PinRemapConfig                      0x080024bd   Thumb Code   138  stm32f10x_gpio.o(i.GPIO_PinRemapConfig)
    GPIO_ReadInputDataBit                    0x0800254d   Thumb Code    18  stm32f10x_gpio.o(i.GPIO_ReadInputDataBit)
    GPIO_ResetBits                           0x0800255f   Thumb Code     4  stm32f10x_gpio.o(i.GPIO_ResetBits)
    GPIO_SetBits                             0x08002563   Thumb Code     4  stm32f10x_gpio.o(i.GPIO_SetBits)
    GPIO_WriteBit                            0x08002567   Thumb Code    10  stm32f10x_gpio.o(i.GPIO_WriteBit)
    HardFault_Handler                        0x08002571   Thumb Code     4  stm32f10x_it.o(i.HardFault_Handler)
    HardwareTest                             0x08002575   Thumb Code  1116  debugmode.o(i.HardwareTest)
    Key_Check                                0x08002af1   Thumb Code    32  key.o(i.Key_Check)
    Key_Clear                                0x08002b15   Thumb Code    20  key.o(i.Key_Clear)
    Key_GetState                             0x08002b2d   Thumb Code    78  key.o(i.Key_GetState)
    Key_Init                                 0x08002b85   Thumb Code    58  key.o(i.Key_Init)
    Key_Tick                                 0x08002bc9   Thumb Code   660  key.o(i.Key_Tick)
    LED_Init                                 0x08002e79   Thumb Code    48  led.o(i.LED_Init)
    LED_OFF                                  0x08002ead   Thumb Code    14  led.o(i.LED_OFF)
    LED_ON                                   0x08002ec1   Thumb Code    14  led.o(i.LED_ON)
    LoadParam                                0x08002ed5   Thumb Code    36  debugmode.o(i.LoadParam)
    MPU6050_GetData                          0x08002f09   Thumb Code   130  mpu6050.o(i.MPU6050_GetData)
    MPU6050_GetID                            0x08002f8b   Thumb Code    10  mpu6050.o(i.MPU6050_GetID)
    MPU6050_Init                             0x08002f95   Thumb Code    56  mpu6050.o(i.MPU6050_Init)
    MPU6050_ReadReg                          0x08002fcd   Thumb Code    62  mpu6050.o(i.MPU6050_ReadReg)
    MPU6050_ReadRegs                         0x0800300b   Thumb Code    94  mpu6050.o(i.MPU6050_ReadRegs)
    MPU6050_WriteReg                         0x08003069   Thumb Code    46  mpu6050.o(i.MPU6050_WriteReg)
    MemManage_Handler                        0x08003097   Thumb Code     4  stm32f10x_it.o(i.MemManage_Handler)
    Motor_Init                               0x0800309d   Thumb Code    44  motor.o(i.Motor_Init)
    Motor_SetPWM                             0x080030cd   Thumb Code   130  motor.o(i.Motor_SetPWM)
    MyFLASH_ErasePage                        0x08003155   Thumb Code    20  myflash.o(i.MyFLASH_ErasePage)
    MyFLASH_ProgramHalfWord                  0x08003169   Thumb Code    24  myflash.o(i.MyFLASH_ProgramHalfWord)
    MyFLASH_ReadHalfWord                     0x08003181   Thumb Code     6  myflash.o(i.MyFLASH_ReadHalfWord)
    MyI2C_Init                               0x08003189   Thumb Code    50  myi2c.o(i.MyI2C_Init)
    MyI2C_R_SDA                              0x080031c1   Thumb Code    18  myi2c.o(i.MyI2C_R_SDA)
    MyI2C_ReceiveAck                         0x080031d9   Thumb Code    30  myi2c.o(i.MyI2C_ReceiveAck)
    MyI2C_ReceiveByte                        0x080031f7   Thumb Code    50  myi2c.o(i.MyI2C_ReceiveByte)
    MyI2C_SendAck                            0x08003229   Thumb Code    24  myi2c.o(i.MyI2C_SendAck)
    MyI2C_SendByte                           0x08003241   Thumb Code    50  myi2c.o(i.MyI2C_SendByte)
    MyI2C_Start                              0x08003273   Thumb Code    28  myi2c.o(i.MyI2C_Start)
    MyI2C_Stop                               0x0800328f   Thumb Code    22  myi2c.o(i.MyI2C_Stop)
    MyI2C_W_SCL                              0x080032a5   Thumb Code    18  myi2c.o(i.MyI2C_W_SCL)
    MyI2C_W_SDA                              0x080032bd   Thumb Code    18  myi2c.o(i.MyI2C_W_SDA)
    NMI_Handler                              0x080032d5   Thumb Code     2  stm32f10x_it.o(i.NMI_Handler)
    NRF24L01_FlushRx                         0x080032d7   Thumb Code    22  nrf24l01.o(i.NRF24L01_FlushRx)
    NRF24L01_FlushTx                         0x080032ed   Thumb Code    22  nrf24l01.o(i.NRF24L01_FlushTx)
    NRF24L01_GPIO_Init                       0x08003305   Thumb Code   128  nrf24l01.o(i.NRF24L01_GPIO_Init)
    NRF24L01_Init                            0x08003391   Thumb Code   102  nrf24l01.o(i.NRF24L01_Init)
    NRF24L01_R_MISO                          0x080033fd   Thumb Code    12  nrf24l01.o(i.NRF24L01_R_MISO)
    NRF24L01_ReadReg                         0x0800340d   Thumb Code    34  nrf24l01.o(i.NRF24L01_ReadReg)
    NRF24L01_ReadRegs                        0x0800342f   Thumb Code    52  nrf24l01.o(i.NRF24L01_ReadRegs)
    NRF24L01_ReadRxPayload                   0x08003463   Thumb Code    46  nrf24l01.o(i.NRF24L01_ReadRxPayload)
    NRF24L01_ReadStatus                      0x08003491   Thumb Code    26  nrf24l01.o(i.NRF24L01_ReadStatus)
    NRF24L01_Receive                         0x080034ad   Thumb Code    84  nrf24l01.o(i.NRF24L01_Receive)
    NRF24L01_Rx                              0x08003505   Thumb Code    44  nrf24l01.o(i.NRF24L01_Rx)
    NRF24L01_SPI_SwapByte                    0x08003531   Thumb Code    66  nrf24l01.o(i.NRF24L01_SPI_SwapByte)
    NRF24L01_Send                            0x08003575   Thumb Code   136  nrf24l01.o(i.NRF24L01_Send)
    NRF24L01_Tx                              0x08003609   Thumb Code    48  nrf24l01.o(i.NRF24L01_Tx)
    NRF24L01_W_CE                            0x08003639   Thumb Code    18  nrf24l01.o(i.NRF24L01_W_CE)
    NRF24L01_W_CSN                           0x08003651   Thumb Code    18  nrf24l01.o(i.NRF24L01_W_CSN)
    NRF24L01_W_MOSI                          0x08003669   Thumb Code    16  nrf24l01.o(i.NRF24L01_W_MOSI)
    NRF24L01_W_SCK                           0x0800367d   Thumb Code    16  nrf24l01.o(i.NRF24L01_W_SCK)
    NRF24L01_WriteReg                        0x08003691   Thumb Code    34  nrf24l01.o(i.NRF24L01_WriteReg)
    NRF24L01_WriteRegs                       0x080036b3   Thumb Code    52  nrf24l01.o(i.NRF24L01_WriteRegs)
    NRF24L01_WriteTxPayload                  0x080036e7   Thumb Code    44  nrf24l01.o(i.NRF24L01_WriteTxPayload)
    NVIC_Init                                0x08003715   Thumb Code   100  misc.o(i.NVIC_Init)
    NVIC_PriorityGroupConfig                 0x08003785   Thumb Code    10  misc.o(i.NVIC_PriorityGroupConfig)
    OLED_Clear                               0x08003799   Thumb Code    36  oled.o(i.OLED_Clear)
    OLED_ClearArea                           0x080037c1   Thumb Code   140  oled.o(i.OLED_ClearArea)
    OLED_DrawLine                            0x08003851   Thumb Code   374  oled.o(i.OLED_DrawLine)
    OLED_DrawPoint                           0x080039c9   Thumb Code    76  oled.o(i.OLED_DrawPoint)
    OLED_GPIO_Init                           0x08003a19   Thumb Code    92  oled.o(i.OLED_GPIO_Init)
    OLED_I2C_SendByte                        0x08003a79   Thumb Code    62  oled.o(i.OLED_I2C_SendByte)
    OLED_I2C_Start                           0x08003ab7   Thumb Code    28  oled.o(i.OLED_I2C_Start)
    OLED_I2C_Stop                            0x08003ad3   Thumb Code    22  oled.o(i.OLED_I2C_Stop)
    OLED_Init                                0x08003ae9   Thumb Code   154  oled.o(i.OLED_Init)
    OLED_Printf                              0x08003b83   Thumb Code    50  oled.o(i.OLED_Printf)
    OLED_ReverseArea                         0x08003bb5   Thumb Code   140  oled.o(i.OLED_ReverseArea)
    OLED_SetCursor                           0x08003c45   Thumb Code    34  oled.o(i.OLED_SetCursor)
    OLED_ShowChar                            0x08003c69   Thumb Code    74  oled.o(i.OLED_ShowChar)
    OLED_ShowImage                           0x08003cbd   Thumb Code   248  oled.o(i.OLED_ShowImage)
    OLED_ShowString                          0x08003db9   Thumb Code   442  oled.o(i.OLED_ShowString)
    OLED_Update                              0x08003f7d   Thumb Code    36  oled.o(i.OLED_Update)
    OLED_W_SCL                               0x08003fa5   Thumb Code    18  oled.o(i.OLED_W_SCL)
    OLED_W_SDA                               0x08003fbd   Thumb Code    18  oled.o(i.OLED_W_SDA)
    OLED_WriteCommand                        0x08003fd5   Thumb Code    32  oled.o(i.OLED_WriteCommand)
    OLED_WriteData                           0x08003ff5   Thumb Code    46  oled.o(i.OLED_WriteData)
    PID_Init                                 0x08004023   Thumb Code    22  pid.o(i.PID_Init)
    PID_Update                               0x08004039   Thumb Code   208  pid.o(i.PID_Update)
    PWM_Init                                 0x08004109   Thumb Code   152  pwm.o(i.PWM_Init)
    PWM_SetCompare1                          0x080041a5   Thumb Code    16  pwm.o(i.PWM_SetCompare1)
    PWM_SetCompare2                          0x080041b5   Thumb Code    16  pwm.o(i.PWM_SetCompare2)
    PendSV_Handler                           0x080041c5   Thumb Code     2  stm32f10x_it.o(i.PendSV_Handler)
    RCC_APB1PeriphClockCmd                   0x080041c9   Thumb Code    26  stm32f10x_rcc.o(i.RCC_APB1PeriphClockCmd)
    RCC_APB2PeriphClockCmd                   0x080041e9   Thumb Code    26  stm32f10x_rcc.o(i.RCC_APB2PeriphClockCmd)
    RCC_GetClocksFreq                        0x08004209   Thumb Code   192  stm32f10x_rcc.o(i.RCC_GetClocksFreq)
    SVC_Handler                              0x080042dd   Thumb Code     2  stm32f10x_it.o(i.SVC_Handler)
    SaveParam                                0x080042e1   Thumb Code    34  debugmode.o(i.SaveParam)
    SensorCalibration                        0x08004315   Thumb Code   466  debugmode.o(i.SensorCalibration)
    Serial_GetRxData                         0x080045bd   Thumb Code     6  serial.o(i.Serial_GetRxData)
    Serial_GetRxFlag                         0x080045c9   Thumb Code    22  serial.o(i.Serial_GetRxFlag)
    Serial_Init                              0x080045e5   Thumb Code   174  serial.o(i.Serial_Init)
    Serial_SendByte                          0x0800469d   Thumb Code    28  serial.o(i.Serial_SendByte)
    Store_Init                               0x080047a5   Thumb Code    96  store.o(i.Store_Init)
    Store_Save                               0x0800480d   Thumb Code    40  store.o(i.Store_Save)
    SysTick_Handler                          0x0800483d   Thumb Code     2  stm32f10x_it.o(i.SysTick_Handler)
    SystemInit                               0x08004841   Thumb Code    78  system_stm32f10x.o(i.SystemInit)
    TIM1_UP_IRQHandler                       0x08004ae1   Thumb Code   932  main.o(i.TIM1_UP_IRQHandler)
    TIM_ClearFlag                            0x08004f4d   Thumb Code     6  stm32f10x_tim.o(i.TIM_ClearFlag)
    TIM_ClearITPendingBit                    0x08004f53   Thumb Code     6  stm32f10x_tim.o(i.TIM_ClearITPendingBit)
    TIM_Cmd                                  0x08004f59   Thumb Code    24  stm32f10x_tim.o(i.TIM_Cmd)
    TIM_EncoderInterfaceConfig               0x08004f71   Thumb Code    66  stm32f10x_tim.o(i.TIM_EncoderInterfaceConfig)
    TIM_GetCounter                           0x08004fb3   Thumb Code     6  stm32f10x_tim.o(i.TIM_GetCounter)
    TIM_GetITStatus                          0x08004fb9   Thumb Code    34  stm32f10x_tim.o(i.TIM_GetITStatus)
    TIM_ICInit                               0x08004fdd   Thumb Code   150  stm32f10x_tim.o(i.TIM_ICInit)
    TIM_ICStructInit                         0x08005089   Thumb Code    18  stm32f10x_tim.o(i.TIM_ICStructInit)
    TIM_ITConfig                             0x0800509b   Thumb Code    18  stm32f10x_tim.o(i.TIM_ITConfig)
    TIM_InternalClockConfig                  0x080050ad   Thumb Code    12  stm32f10x_tim.o(i.TIM_InternalClockConfig)
    TIM_OC1Init                              0x080050b9   Thumb Code   132  stm32f10x_tim.o(i.TIM_OC1Init)
    TIM_OC2Init                              0x08005151   Thumb Code   154  stm32f10x_tim.o(i.TIM_OC2Init)
    TIM_OCStructInit                         0x080051f5   Thumb Code    20  stm32f10x_tim.o(i.TIM_OCStructInit)
    TIM_SetCompare1                          0x08005209   Thumb Code     4  stm32f10x_tim.o(i.TIM_SetCompare1)
    TIM_SetCompare2                          0x0800520d   Thumb Code     4  stm32f10x_tim.o(i.TIM_SetCompare2)
    TIM_SetCounter                           0x08005211   Thumb Code     4  stm32f10x_tim.o(i.TIM_SetCounter)
    TIM_SetIC1Prescaler                      0x08005215   Thumb Code    18  stm32f10x_tim.o(i.TIM_SetIC1Prescaler)
    TIM_SetIC2Prescaler                      0x08005227   Thumb Code    26  stm32f10x_tim.o(i.TIM_SetIC2Prescaler)
    TIM_SetIC3Prescaler                      0x08005241   Thumb Code    18  stm32f10x_tim.o(i.TIM_SetIC3Prescaler)
    TIM_SetIC4Prescaler                      0x08005253   Thumb Code    26  stm32f10x_tim.o(i.TIM_SetIC4Prescaler)
    TIM_TimeBaseInit                         0x0800526d   Thumb Code   122  stm32f10x_tim.o(i.TIM_TimeBaseInit)
    Timer_Init                               0x08005311   Thumb Code   120  timer.o(i.Timer_Init)
    USART1_IRQHandler                        0x0800538d   Thumb Code    44  serial.o(i.USART1_IRQHandler)
    USART2_IRQHandler                        0x080053c5   Thumb Code    44  blueserial.o(i.USART2_IRQHandler)
    USART_ClearITPendingBit                  0x080053f5   Thumb Code    30  stm32f10x_usart.o(i.USART_ClearITPendingBit)
    USART_Cmd                                0x08005413   Thumb Code    24  stm32f10x_usart.o(i.USART_Cmd)
    USART_GetFlagStatus                      0x0800542b   Thumb Code    26  stm32f10x_usart.o(i.USART_GetFlagStatus)
    USART_GetITStatus                        0x08005445   Thumb Code    84  stm32f10x_usart.o(i.USART_GetITStatus)
    USART_ITConfig                           0x08005499   Thumb Code    74  stm32f10x_usart.o(i.USART_ITConfig)
    USART_Init                               0x080054e5   Thumb Code   210  stm32f10x_usart.o(i.USART_Init)
    USART_ReceiveData                        0x080055bd   Thumb Code    10  stm32f10x_usart.o(i.USART_ReceiveData)
    USART_SendData                           0x080055c7   Thumb Code     8  stm32f10x_usart.o(i.USART_SendData)
    UsageFault_Handler                       0x080055cf   Thumb Code     4  stm32f10x_it.o(i.UsageFault_Handler)
    __ARM_fpclassify                         0x080055d3   Thumb Code    40  fpclassify.o(i.__ARM_fpclassify)
    __kernel_poly                            0x080055fb   Thumb Code   170  poly.o(i.__kernel_poly)
    __mathlib_dbl_infnan                     0x080056a5   Thumb Code     6  dunder.o(i.__mathlib_dbl_infnan)
    __mathlib_dbl_infnan2                    0x080056ab   Thumb Code     4  dunder.o(i.__mathlib_dbl_infnan2)
    __mathlib_dbl_underflow                  0x080056b1   Thumb Code    10  dunder.o(i.__mathlib_dbl_underflow)
    _is_digit                                0x080056c1   Thumb Code    14  __printf_wp.o(i._is_digit)
    atan                                     0x080056d1   Thumb Code   474  atan.o(i.atan)
    atan2                                    0x080058f1   Thumb Code   374  atan2.o(i.atan2)
    main                                     0x08005a8d   Thumb Code  1580  main.o(i.main)
    _get_lc_ctype                            0x08006141   Thumb Code    44  lc_ctype_c.o(locale$$code)
    _get_lc_numeric                          0x0800616d   Thumb Code    44  lc_numeric_c.o(locale$$code)
    __aeabi_d2f                              0x08006199   Thumb Code     0  d2f.o(x$fpl$d2f)
    _d2f                                     0x08006199   Thumb Code    98  d2f.o(x$fpl$d2f)
    __aeabi_dadd                             0x080061fd   Thumb Code     0  daddsub_clz.o(x$fpl$dadd)
    _dadd                                    0x080061fd   Thumb Code   332  daddsub_clz.o(x$fpl$dadd)
    __fpl_dcheck_NaN1                        0x0800634d   Thumb Code    10  dcheck1.o(x$fpl$dcheck1)
    __fpl_dcmp_Inf                           0x0800635d   Thumb Code    24  dcmpi.o(x$fpl$dcmpinf)
    __aeabi_ddiv                             0x08006375   Thumb Code     0  ddiv.o(x$fpl$ddiv)
    _ddiv                                    0x08006375   Thumb Code   552  ddiv.o(x$fpl$ddiv)
    __aeabi_cdcmpeq                          0x08006625   Thumb Code     0  deqf.o(x$fpl$deqf)
    _dcmpeq                                  0x08006625   Thumb Code   120  deqf.o(x$fpl$deqf)
    __aeabi_i2d                              0x0800669d   Thumb Code     0  dflt_clz.o(x$fpl$dflt)
    _dflt                                    0x0800669d   Thumb Code    46  dflt_clz.o(x$fpl$dflt)
    __aeabi_ui2d                             0x080066cb   Thumb Code     0  dflt_clz.o(x$fpl$dfltu)
    _dfltu                                   0x080066cb   Thumb Code    38  dflt_clz.o(x$fpl$dfltu)
    __aeabi_cdcmple                          0x080066f1   Thumb Code     0  dleqf.o(x$fpl$dleqf)
    _dcmple                                  0x080066f1   Thumb Code   120  dleqf.o(x$fpl$dleqf)
    __fpl_dcmple_InfNaN                      0x08006753   Thumb Code     0  dleqf.o(x$fpl$dleqf)
    __aeabi_dmul                             0x08006769   Thumb Code     0  dmul.o(x$fpl$dmul)
    _dmul                                    0x08006769   Thumb Code   332  dmul.o(x$fpl$dmul)
    __fpl_dnaninf                            0x080068bd   Thumb Code   156  dnaninf.o(x$fpl$dnaninf)
    __fpl_dretinf                            0x08006959   Thumb Code    12  dretinf.o(x$fpl$dretinf)
    __aeabi_cdrcmple                         0x08006965   Thumb Code     0  drleqf.o(x$fpl$drleqf)
    _drcmple                                 0x08006965   Thumb Code   108  drleqf.o(x$fpl$drleqf)
    __aeabi_drsub                            0x080069d1   Thumb Code     0  daddsub_clz.o(x$fpl$drsb)
    _drsb                                    0x080069d1   Thumb Code    22  daddsub_clz.o(x$fpl$drsb)
    __aeabi_dsub                             0x080069e9   Thumb Code     0  daddsub_clz.o(x$fpl$dsub)
    _dsub                                    0x080069e9   Thumb Code   464  daddsub_clz.o(x$fpl$dsub)
    __aeabi_f2d                              0x08006bbd   Thumb Code     0  f2d.o(x$fpl$f2d)
    _f2d                                     0x08006bbd   Thumb Code    86  f2d.o(x$fpl$f2d)
    __aeabi_fadd                             0x08006c15   Thumb Code     0  faddsub_clz.o(x$fpl$fadd)
    _fadd                                    0x08006c15   Thumb Code   196  faddsub_clz.o(x$fpl$fadd)
    __fpl_fcmp_Inf                           0x08006cd9   Thumb Code    24  fcmpi.o(x$fpl$fcmpinf)
    __aeabi_cfcmpeq                          0x08006cf1   Thumb Code     0  feqf.o(x$fpl$feqf)
    _fcmpeq                                  0x08006cf1   Thumb Code   104  feqf.o(x$fpl$feqf)
    __aeabi_f2iz                             0x08006d59   Thumb Code     0  ffix.o(x$fpl$ffix)
    _ffix                                    0x08006d59   Thumb Code    54  ffix.o(x$fpl$ffix)
    __aeabi_i2f                              0x08006d91   Thumb Code     0  fflt_clz.o(x$fpl$fflt)
    _fflt                                    0x08006d91   Thumb Code    48  fflt_clz.o(x$fpl$fflt)
    __aeabi_cfcmple                          0x08006dc1   Thumb Code     0  fleqf.o(x$fpl$fleqf)
    _fcmple                                  0x08006dc1   Thumb Code   104  fleqf.o(x$fpl$fleqf)
    __fpl_fcmple_InfNaN                      0x08006e13   Thumb Code     0  fleqf.o(x$fpl$fleqf)
    __aeabi_fmul                             0x08006e29   Thumb Code     0  fmul.o(x$fpl$fmul)
    _fmul                                    0x08006e29   Thumb Code   258  fmul.o(x$fpl$fmul)
    __fpl_fnaninf                            0x08006f2b   Thumb Code   140  fnaninf.o(x$fpl$fnaninf)
    __fpl_fretinf                            0x08006fb7   Thumb Code    10  fretinf.o(x$fpl$fretinf)
    __aeabi_cfrcmple                         0x08006fc1   Thumb Code     0  frleqf.o(x$fpl$frleqf)
    _frcmple                                 0x08006fc1   Thumb Code    98  frleqf.o(x$fpl$frleqf)
    __aeabi_fsub                             0x08007025   Thumb Code     0  faddsub_clz.o(x$fpl$fsub)
    _fsub                                    0x08007025   Thumb Code   234  faddsub_clz.o(x$fpl$fsub)
    _printf_fp_dec                           0x0800710f   Thumb Code     4  printf1.o(x$fpl$printf1)
    _printf_fp_hex                           0x08007113   Thumb Code     4  printf2.o(x$fpl$printf2)
    __fpl_return_NaN                         0x08007117   Thumb Code   100  retnan.o(x$fpl$retnan)
    __ARM_scalbn                             0x0800717b   Thumb Code    92  scalbn.o(x$fpl$scalbn)
    __fpl_cmpreturn                          0x080071d7   Thumb Code    48  trapv.o(x$fpl$trapveneer)
    OLED_F8x16                               0x08007206   Data        1520  oled_data.o(.constdata)
    __I$use$fp                               0x08007206   Number         0  usenofp.o(x$fpl$usenofp)
    OLED_F6x8                                0x080077f6   Data         570  oled_data.o(.constdata)
    OLED_CF16x16                             0x08007a30   Data        2220  oled_data.o(.constdata)
    Diode                                    0x080082dc   Data          32  oled_data.o(.constdata)
    __mathlib_zero                           0x080083d8   Data           8  qnan.o(.constdata)
    Region$$Table$$Base                      0x0800849c   Number         0  anon$$obj.o(Region$$Table)
    Region$$Table$$Limit                     0x080084bc   Number         0  anon$$obj.o(Region$$Table)
    __ctype                                  0x080084c9   Data           0  lc_ctype_c.o(locale$$data)
    Key_Flag                                 0x20000014   Data           4  key.o(.data)
    NRF24L01_TxAddress                       0x2000002e   Data           5  nrf24l01.o(.data)
    NRF24L01_RxAddress                       0x20000033   Data           5  nrf24l01.o(.data)
    Serial_RxData                            0x20000038   Data           1  serial.o(.data)
    Serial_RxFlag                            0x20000039   Data           1  serial.o(.data)
    BlueSerial_PutIndex                      0x2000003a   Data           2  blueserial.o(.data)
    BlueSerial_GetIndex                      0x2000003c   Data           2  blueserial.o(.data)
    RunFlag                                  0x20000040   Data           1  main.o(.data)
    RunFlagUpdate                            0x20000041   Data           1  main.o(.data)
    AX                                       0x20000042   Data           2  main.o(.data)
    AY                                       0x20000044   Data           2  main.o(.data)
    AZ                                       0x20000046   Data           2  main.o(.data)
    GX                                       0x20000048   Data           2  main.o(.data)
    GY                                       0x2000004a   Data           2  main.o(.data)
    GZ                                       0x2000004c   Data           2  main.o(.data)
    AX_Offset                                0x2000004e   Data           2  main.o(.data)
    AZ_Offset                                0x20000050   Data           2  main.o(.data)
    GY_Offset                                0x20000052   Data           2  main.o(.data)
    GY_Cali                                  0x20000054   Data           2  main.o(.data)
    AngleAcc                                 0x20000058   Data           4  main.o(.data)
    AngleAcc_Offset                          0x2000005c   Data           4  main.o(.data)
    AngleAcc_Cali                            0x20000060   Data           4  main.o(.data)
    AngleAcc_Filter                          0x20000064   Data           4  main.o(.data)
    AngleDelta                               0x20000068   Data           4  main.o(.data)
    Angle                                    0x2000006c   Data           4  main.o(.data)
    SpeedLeft                                0x20000070   Data           4  main.o(.data)
    SpeedRight                               0x20000074   Data           4  main.o(.data)
    AveSpeed                                 0x20000078   Data           4  main.o(.data)
    DifSpeed                                 0x2000007c   Data           4  main.o(.data)
    AvePWM                                   0x20000080   Data           4  main.o(.data)
    DifPWM                                   0x20000084   Data           4  main.o(.data)
    PWML                                     0x20000088   Data           2  main.o(.data)
    PWMR                                     0x2000008a   Data           2  main.o(.data)
    SpeedLevel                               0x2000008c   Data           2  main.o(.data)
    DebugFlag                                0x2000008e   Data           1  main.o(.data)
    AnglePID                                 0x20000090   Data          60  main.o(.data)
    SpeedPID                                 0x200000cc   Data          60  main.o(.data)
    TurnPID                                  0x20000108   Data          60  main.o(.data)
    Store_Data                               0x2000014c   Data        1024  store.o(.bss)
    OLED_DisplayBuf                          0x2000054c   Data        1024  oled.o(.bss)
    NRF24L01_TxPacket                        0x2000094c   Data          32  nrf24l01.o(.bss)
    NRF24L01_RxPacket                        0x2000096c   Data          32  nrf24l01.o(.bss)
    BlueSerial_Buffer                        0x2000098c   Data         100  blueserial.o(.bss)
    BlueSerial_String                        0x200009f0   Data         100  blueserial.o(.bss)
    BlueSerial_StringArray                   0x20000a54   Data         120  blueserial.o(.bss)
    __libspace_start                         0x20000acc   Data          96  libspace.o(.bss)
    __temporary_stack_top$libspace           0x20000b2c   Data           0  libspace.o(.bss)



==============================================================================

Memory Map of the image

  Image Entry point : 0x080000ed

  Load Region LR_IROM1 (Base: 0x08000000, Size: 0x00008734, Max: 0x00010000, ABSOLUTE, COMPRESSED[0x00008634])

    Execution Region ER_IROM1 (Exec base: 0x08000000, Load base: 0x08000000, Size: 0x000085e8, Max: 0x00010000, ABSOLUTE)

    Exec Addr    Load Addr    Size         Type   Attr      Idx    E Section Name        Object

    0x08000000   0x08000000   0x000000ec   Data   RO            3    RESET               startup_stm32f10x_md.o
    0x080000ec   0x080000ec   0x00000008   Code   RO         4358  * !!!main             c_w.l(__main.o)
    0x080000f4   0x080000f4   0x00000034   Code   RO         4813    !!!scatter          c_w.l(__scatter.o)
    0x08000128   0x08000128   0x0000005a   Code   RO         4811    !!dczerorl2         c_w.l(__dczerorl2.o)
    0x08000182   0x08000182   0x00000002   PAD
    0x08000184   0x08000184   0x0000001c   Code   RO         4815    !!handler_zi        c_w.l(__scatter_zi.o)
    0x080001a0   0x080001a0   0x00000000   Code   RO         4517    .ARM.Collect$$_printf_percent$$00000000  c_w.l(_printf_percent.o)
    0x080001a0   0x080001a0   0x00000006   Code   RO         4506    .ARM.Collect$$_printf_percent$$00000001  c_w.l(_printf_n.o)
    0x080001a6   0x080001a6   0x00000006   Code   RO         4508    .ARM.Collect$$_printf_percent$$00000002  c_w.l(_printf_p.o)
    0x080001ac   0x080001ac   0x00000006   Code   RO         4513    .ARM.Collect$$_printf_percent$$00000003  c_w.l(_printf_f.o)
    0x080001b2   0x080001b2   0x00000006   Code   RO         4514    .ARM.Collect$$_printf_percent$$00000004  c_w.l(_printf_e.o)
    0x080001b8   0x080001b8   0x00000006   Code   RO         4515    .ARM.Collect$$_printf_percent$$00000005  c_w.l(_printf_g.o)
    0x080001be   0x080001be   0x00000006   Code   RO         4516    .ARM.Collect$$_printf_percent$$00000006  c_w.l(_printf_a.o)
    0x080001c4   0x080001c4   0x0000000a   Code   RO         4521    .ARM.Collect$$_printf_percent$$00000007  c_w.l(_printf_ll.o)
    0x080001ce   0x080001ce   0x00000006   Code   RO         4510    .ARM.Collect$$_printf_percent$$00000008  c_w.l(_printf_i.o)
    0x080001d4   0x080001d4   0x00000006   Code   RO         4511    .ARM.Collect$$_printf_percent$$00000009  c_w.l(_printf_d.o)
    0x080001da   0x080001da   0x00000006   Code   RO         4512    .ARM.Collect$$_printf_percent$$0000000A  c_w.l(_printf_u.o)
    0x080001e0   0x080001e0   0x00000006   Code   RO         4509    .ARM.Collect$$_printf_percent$$0000000B  c_w.l(_printf_o.o)
    0x080001e6   0x080001e6   0x00000006   Code   RO         4507    .ARM.Collect$$_printf_percent$$0000000C  c_w.l(_printf_x.o)
    0x080001ec   0x080001ec   0x00000006   Code   RO         4518    .ARM.Collect$$_printf_percent$$0000000D  c_w.l(_printf_lli.o)
    0x080001f2   0x080001f2   0x00000006   Code   RO         4519    .ARM.Collect$$_printf_percent$$0000000E  c_w.l(_printf_lld.o)
    0x080001f8   0x080001f8   0x00000006   Code   RO         4520    .ARM.Collect$$_printf_percent$$0000000F  c_w.l(_printf_llu.o)
    0x080001fe   0x080001fe   0x00000006   Code   RO         4525    .ARM.Collect$$_printf_percent$$00000010  c_w.l(_printf_llo.o)
    0x08000204   0x08000204   0x00000006   Code   RO         4526    .ARM.Collect$$_printf_percent$$00000011  c_w.l(_printf_llx.o)
    0x0800020a   0x0800020a   0x0000000a   Code   RO         4522    .ARM.Collect$$_printf_percent$$00000012  c_w.l(_printf_l.o)
    0x08000214   0x08000214   0x00000006   Code   RO         4504    .ARM.Collect$$_printf_percent$$00000013  c_w.l(_printf_c.o)
    0x0800021a   0x0800021a   0x00000006   Code   RO         4505    .ARM.Collect$$_printf_percent$$00000014  c_w.l(_printf_s.o)
    0x08000220   0x08000220   0x00000006   Code   RO         4523    .ARM.Collect$$_printf_percent$$00000015  c_w.l(_printf_lc.o)
    0x08000226   0x08000226   0x00000006   Code   RO         4524    .ARM.Collect$$_printf_percent$$00000016  c_w.l(_printf_ls.o)
    0x0800022c   0x0800022c   0x00000004   Code   RO         4614    .ARM.Collect$$_printf_percent$$00000017  c_w.l(_printf_percent_end.o)
    0x08000230   0x08000230   0x00000002   Code   RO         4674    .ARM.Collect$$libinit$$00000000  c_w.l(libinit.o)
    0x08000232   0x08000232   0x00000000   Code   RO         4682    .ARM.Collect$$libinit$$00000002  c_w.l(libinit2.o)
    0x08000232   0x08000232   0x00000000   Code   RO         4684    .ARM.Collect$$libinit$$00000004  c_w.l(libinit2.o)
    0x08000232   0x08000232   0x00000000   Code   RO         4687    .ARM.Collect$$libinit$$0000000A  c_w.l(libinit2.o)
    0x08000232   0x08000232   0x00000000   Code   RO         4689    .ARM.Collect$$libinit$$0000000C  c_w.l(libinit2.o)
    0x08000232   0x08000232   0x00000000   Code   RO         4691    .ARM.Collect$$libinit$$0000000E  c_w.l(libinit2.o)
    0x08000232   0x08000232   0x00000006   Code   RO         4692    .ARM.Collect$$libinit$$0000000F  c_w.l(libinit2.o)
    0x08000238   0x08000238   0x00000000   Code   RO         4694    .ARM.Collect$$libinit$$00000011  c_w.l(libinit2.o)
    0x08000238   0x08000238   0x0000000c   Code   RO         4695    .ARM.Collect$$libinit$$00000012  c_w.l(libinit2.o)
    0x08000244   0x08000244   0x00000000   Code   RO         4696    .ARM.Collect$$libinit$$00000013  c_w.l(libinit2.o)
    0x08000244   0x08000244   0x00000000   Code   RO         4698    .ARM.Collect$$libinit$$00000015  c_w.l(libinit2.o)
    0x08000244   0x08000244   0x0000000a   Code   RO         4699    .ARM.Collect$$libinit$$00000016  c_w.l(libinit2.o)
    0x0800024e   0x0800024e   0x00000000   Code   RO         4700    .ARM.Collect$$libinit$$00000017  c_w.l(libinit2.o)
    0x0800024e   0x0800024e   0x00000000   Code   RO         4702    .ARM.Collect$$libinit$$00000019  c_w.l(libinit2.o)
    0x0800024e   0x0800024e   0x00000000   Code   RO         4704    .ARM.Collect$$libinit$$0000001B  c_w.l(libinit2.o)
    0x0800024e   0x0800024e   0x00000000   Code   RO         4706    .ARM.Collect$$libinit$$0000001D  c_w.l(libinit2.o)
    0x0800024e   0x0800024e   0x00000000   Code   RO         4708    .ARM.Collect$$libinit$$0000001F  c_w.l(libinit2.o)
    0x0800024e   0x0800024e   0x00000000   Code   RO         4710    .ARM.Collect$$libinit$$00000021  c_w.l(libinit2.o)
    0x0800024e   0x0800024e   0x00000000   Code   RO         4712    .ARM.Collect$$libinit$$00000023  c_w.l(libinit2.o)
    0x0800024e   0x0800024e   0x00000000   Code   RO         4714    .ARM.Collect$$libinit$$00000025  c_w.l(libinit2.o)
    0x0800024e   0x0800024e   0x00000000   Code   RO         4718    .ARM.Collect$$libinit$$0000002C  c_w.l(libinit2.o)
    0x0800024e   0x0800024e   0x00000000   Code   RO         4720    .ARM.Collect$$libinit$$0000002E  c_w.l(libinit2.o)
    0x0800024e   0x0800024e   0x00000000   Code   RO         4722    .ARM.Collect$$libinit$$00000030  c_w.l(libinit2.o)
    0x0800024e   0x0800024e   0x00000000   Code   RO         4724    .ARM.Collect$$libinit$$00000032  c_w.l(libinit2.o)
    0x0800024e   0x0800024e   0x00000002   Code   RO         4725    .ARM.Collect$$libinit$$00000033  c_w.l(libinit2.o)
    0x08000250   0x08000250   0x00000002   Code   RO         4749    .ARM.Collect$$libshutdown$$00000000  c_w.l(libshutdown.o)
    0x08000252   0x08000252   0x00000000   Code   RO         4762    .ARM.Collect$$libshutdown$$00000002  c_w.l(libshutdown2.o)
    0x08000252   0x08000252   0x00000000   Code   RO         4764    .ARM.Collect$$libshutdown$$00000004  c_w.l(libshutdown2.o)
    0x08000252   0x08000252   0x00000000   Code   RO         4766    .ARM.Collect$$libshutdown$$00000006  c_w.l(libshutdown2.o)
    0x08000252   0x08000252   0x00000000   Code   RO         4769    .ARM.Collect$$libshutdown$$00000009  c_w.l(libshutdown2.o)
    0x08000252   0x08000252   0x00000000   Code   RO         4772    .ARM.Collect$$libshutdown$$0000000C  c_w.l(libshutdown2.o)
    0x08000252   0x08000252   0x00000000   Code   RO         4774    .ARM.Collect$$libshutdown$$0000000E  c_w.l(libshutdown2.o)
    0x08000252   0x08000252   0x00000000   Code   RO         4777    .ARM.Collect$$libshutdown$$00000011  c_w.l(libshutdown2.o)
    0x08000252   0x08000252   0x00000002   Code   RO         4778    .ARM.Collect$$libshutdown$$00000012  c_w.l(libshutdown2.o)
    0x08000254   0x08000254   0x00000000   Code   RO         4428    .ARM.Collect$$rtentry$$00000000  c_w.l(__rtentry.o)
    0x08000254   0x08000254   0x00000000   Code   RO         4583    .ARM.Collect$$rtentry$$00000002  c_w.l(__rtentry2.o)
    0x08000254   0x08000254   0x00000006   Code   RO         4595    .ARM.Collect$$rtentry$$00000004  c_w.l(__rtentry4.o)
    0x0800025a   0x0800025a   0x00000000   Code   RO         4585    .ARM.Collect$$rtentry$$00000009  c_w.l(__rtentry2.o)
    0x0800025a   0x0800025a   0x00000004   Code   RO         4586    .ARM.Collect$$rtentry$$0000000A  c_w.l(__rtentry2.o)
    0x0800025e   0x0800025e   0x00000000   Code   RO         4588    .ARM.Collect$$rtentry$$0000000C  c_w.l(__rtentry2.o)
    0x0800025e   0x0800025e   0x00000008   Code   RO         4589    .ARM.Collect$$rtentry$$0000000D  c_w.l(__rtentry2.o)
    0x08000266   0x08000266   0x00000002   Code   RO         4679    .ARM.Collect$$rtexit$$00000000  c_w.l(rtexit.o)
    0x08000268   0x08000268   0x00000000   Code   RO         4729    .ARM.Collect$$rtexit$$00000002  c_w.l(rtexit2.o)
    0x08000268   0x08000268   0x00000004   Code   RO         4730    .ARM.Collect$$rtexit$$00000003  c_w.l(rtexit2.o)
    0x0800026c   0x0800026c   0x00000006   Code   RO         4731    .ARM.Collect$$rtexit$$00000004  c_w.l(rtexit2.o)
    0x08000272   0x08000272   0x00000002   PAD
    0x08000274   0x08000274   0x00000040   Code   RO            4    .text               startup_stm32f10x_md.o
    0x080002b4   0x080002b4   0x00000024   Code   RO         4348    .text               c_w.l(vsprintf.o)
    0x080002d8   0x080002d8   0x0000001a   Code   RO         4350    .text               c_w.l(atoi.o)
    0x080002f2   0x080002f2   0x0000004e   Code   RO         4352    .text               c_w.l(rt_memclr_w.o)
    0x08000340   0x08000340   0x00000080   Code   RO         4354    .text               c_w.l(strcmpv7m.o)
    0x080003c0   0x080003c0   0x00000006   Code   RO         4356    .text               c_w.l(heapauxi.o)
    0x080003c6   0x080003c6   0x00000002   PAD
    0x080003c8   0x080003c8   0x00000008   Code   RO         4432    .text               c_w.l(rt_errno_addr_intlibspace.o)
    0x080003d0   0x080003d0   0x00000016   Code   RO         4434    .text               c_w.l(_rserrno.o)
    0x080003e6   0x080003e6   0x0000004e   Code   RO         4438    .text               c_w.l(_printf_pad.o)
    0x08000434   0x08000434   0x00000024   Code   RO         4440    .text               c_w.l(_printf_truncate.o)
    0x08000458   0x08000458   0x00000052   Code   RO         4442    .text               c_w.l(_printf_str.o)
    0x080004aa   0x080004aa   0x00000002   PAD
    0x080004ac   0x080004ac   0x00000078   Code   RO         4444    .text               c_w.l(_printf_dec.o)
    0x08000524   0x08000524   0x00000028   Code   RO         4446    .text               c_w.l(_printf_charcount.o)
    0x0800054c   0x0800054c   0x00000030   Code   RO         4448    .text               c_w.l(_printf_char_common.o)
    0x0800057c   0x0800057c   0x0000000a   Code   RO         4450    .text               c_w.l(_sputc.o)
    0x08000586   0x08000586   0x00000002   PAD
    0x08000588   0x08000588   0x000000bc   Code   RO         4452    .text               c_w.l(_printf_wctomb.o)
    0x08000644   0x08000644   0x0000007c   Code   RO         4455    .text               c_w.l(_printf_longlong_dec.o)
    0x080006c0   0x080006c0   0x00000070   Code   RO         4461    .text               c_w.l(_printf_oct_int_ll.o)
    0x08000730   0x08000730   0x00000094   Code   RO         4481    .text               c_w.l(_printf_hex_int_ll_ptr.o)
    0x080007c4   0x080007c4   0x00000188   Code   RO         4501    .text               c_w.l(__printf_flags_ss_wp.o)
    0x0800094c   0x0800094c   0x00000070   Code   RO         4527    .text               c_w.l(strtol.o)
    0x080009bc   0x080009bc   0x00000008   Code   RO         4579    .text               c_w.l(libspace.o)
    0x080009c4   0x080009c4   0x00000010   Code   RO         4597    .text               c_w.l(rt_ctype_table.o)
    0x080009d4   0x080009d4   0x0000008a   Code   RO         4599    .text               c_w.l(lludiv10.o)
    0x08000a5e   0x08000a5e   0x000000b2   Code   RO         4601    .text               c_w.l(_printf_intcommon.o)
    0x08000b10   0x08000b10   0x0000041e   Code   RO         4603    .text               c_w.l(_printf_fp_dec.o)
    0x08000f2e   0x08000f2e   0x00000002   PAD
    0x08000f30   0x08000f30   0x000002fc   Code   RO         4605    .text               c_w.l(_printf_fp_hex.o)
    0x0800122c   0x0800122c   0x0000002c   Code   RO         4610    .text               c_w.l(_printf_char.o)
    0x08001258   0x08001258   0x0000002c   Code   RO         4612    .text               c_w.l(_printf_wchar.o)
    0x08001284   0x08001284   0x0000009e   Code   RO         4615    .text               c_w.l(_strtoul.o)
    0x08001322   0x08001322   0x00000040   Code   RO         4617    .text               c_w.l(_wcrtomb.o)
    0x08001362   0x08001362   0x0000004a   Code   RO         4625    .text               c_w.l(sys_stackheap_outer.o)
    0x080013ac   0x080013ac   0x00000008   Code   RO         4630    .text               c_w.l(rt_locale_intlibspace.o)
    0x080013b4   0x080013b4   0x00000080   Code   RO         4632    .text               c_w.l(_printf_fp_infnan.o)
    0x08001434   0x08001434   0x0000001c   Code   RO         4634    .text               c_w.l(_chval.o)
    0x08001450   0x08001450   0x000000e4   Code   RO         4636    .text               c_w.l(bigflt0.o)
    0x08001534   0x08001534   0x00000012   Code   RO         4667    .text               c_w.l(exit.o)
    0x08001546   0x08001546   0x00000002   PAD
    0x08001548   0x08001548   0x0000000c   Code   RO         4741    .text               c_w.l(sys_exit.o)
    0x08001554   0x08001554   0x00000002   Code   RO         4752    .text               c_w.l(use_no_semi.o)
    0x08001556   0x08001556   0x00000000   Code   RO         4754    .text               c_w.l(indicate_semi.o)
    0x08001556   0x08001556   0x0000003e   Code   RO         4639    CL$$btod_d2e        c_w.l(btod.o)
    0x08001594   0x08001594   0x00000046   Code   RO         4641    CL$$btod_d2e_denorm_low  c_w.l(btod.o)
    0x080015da   0x080015da   0x00000060   Code   RO         4640    CL$$btod_d2e_norm_op1  c_w.l(btod.o)
    0x0800163a   0x0800163a   0x00000338   Code   RO         4649    CL$$btod_div_common  c_w.l(btod.o)
    0x08001972   0x08001972   0x000000dc   Code   RO         4646    CL$$btod_e2e        c_w.l(btod.o)
    0x08001a4e   0x08001a4e   0x0000002a   Code   RO         4643    CL$$btod_ediv       c_w.l(btod.o)
    0x08001a78   0x08001a78   0x0000002a   Code   RO         4642    CL$$btod_emul       c_w.l(btod.o)
    0x08001aa2   0x08001aa2   0x00000244   Code   RO         4648    CL$$btod_mult_common  c_w.l(btod.o)
    0x08001ce6   0x08001ce6   0x00000002   PAD
    0x08001ce8   0x08001ce8   0x00000018   Code   RO         4056    i.BlueSerial_ClearBuffer  blueserial.o
    0x08001d00   0x08001d00   0x0000004c   Code   RO         4057    i.BlueSerial_Get    blueserial.o
    0x08001d4c   0x08001d4c   0x0000000c   Code   RO         4058    i.BlueSerial_IRQHandler  blueserial.o
    0x08001d58   0x08001d58   0x000000b4   Code   RO         4059    i.BlueSerial_Init   blueserial.o
    0x08001e0c   0x08001e0c   0x00000024   Code   RO         4060    i.BlueSerial_Length  blueserial.o
    0x08001e30   0x08001e30   0x00000024   Code   RO         4061    i.BlueSerial_Printf  blueserial.o
    0x08001e54   0x08001e54   0x00000050   Code   RO         4062    i.BlueSerial_Put    blueserial.o
    0x08001ea4   0x08001ea4   0x00000020   Code   RO         4063    i.BlueSerial_Read   blueserial.o
    0x08001ec4   0x08001ec4   0x000000b0   Code   RO         4064    i.BlueSerial_Receive  blueserial.o
    0x08001f74   0x08001f74   0x0000003a   Code   RO         4065    i.BlueSerial_ReceiveFlag  blueserial.o
    0x08001fae   0x08001fae   0x00000002   PAD
    0x08001fb0   0x08001fb0   0x00000020   Code   RO         4067    i.BlueSerial_SendByte  blueserial.o
    0x08001fd0   0x08001fd0   0x0000001a   Code   RO         4068    i.BlueSerial_SendString  blueserial.o
    0x08001fea   0x08001fea   0x00000004   Code   RO         4228    i.BusFault_Handler  stm32f10x_it.o
    0x08001fee   0x08001fee   0x00000002   PAD
    0x08001ff0   0x08001ff0   0x000000e4   Code   RO         4309    i.DebugMode         debugmode.o
    0x080020d4   0x080020d4   0x00000002   Code   RO         4229    i.DebugMon_Handler  stm32f10x_it.o
    0x080020d6   0x080020d6   0x00000018   Code   RO         3196    i.Delay_ms          delay.o
    0x080020ee   0x080020ee   0x0000002e   Code   RO         3198    i.Delay_us          delay.o
    0x0800211c   0x0800211c   0x00000040   Code   RO         3640    i.Encoder_Get       encoder.o
    0x0800215c   0x0800215c   0x00000138   Code   RO         3641    i.Encoder_Init      encoder.o
    0x08002294   0x08002294   0x0000004c   Code   RO         1046    i.FLASH_ErasePage   stm32f10x_flash.o
    0x080022e0   0x080022e0   0x00000034   Code   RO         1047    i.FLASH_GetBank1Status  stm32f10x_flash.o
    0x08002314   0x08002314   0x00000014   Code   RO         1056    i.FLASH_Lock        stm32f10x_flash.o
    0x08002328   0x08002328   0x00000040   Code   RO         1059    i.FLASH_ProgramHalfWord  stm32f10x_flash.o
    0x08002368   0x08002368   0x00000018   Code   RO         1064    i.FLASH_Unlock      stm32f10x_flash.o
    0x08002380   0x08002380   0x00000026   Code   RO         1068    i.FLASH_WaitForLastOperation  stm32f10x_flash.o
    0x080023a6   0x080023a6   0x00000116   Code   RO         1347    i.GPIO_Init         stm32f10x_gpio.o
    0x080024bc   0x080024bc   0x00000090   Code   RO         1349    i.GPIO_PinRemapConfig  stm32f10x_gpio.o
    0x0800254c   0x0800254c   0x00000012   Code   RO         1351    i.GPIO_ReadInputDataBit  stm32f10x_gpio.o
    0x0800255e   0x0800255e   0x00000004   Code   RO         1354    i.GPIO_ResetBits    stm32f10x_gpio.o
    0x08002562   0x08002562   0x00000004   Code   RO         1355    i.GPIO_SetBits      stm32f10x_gpio.o
    0x08002566   0x08002566   0x0000000a   Code   RO         1358    i.GPIO_WriteBit     stm32f10x_gpio.o
    0x08002570   0x08002570   0x00000004   Code   RO         4230    i.HardFault_Handler  stm32f10x_it.o
    0x08002574   0x08002574   0x0000057c   Code   RO         4310    i.HardwareTest      debugmode.o
    0x08002af0   0x08002af0   0x00000024   Code   RO         3340    i.Key_Check         key.o
    0x08002b14   0x08002b14   0x00000018   Code   RO         3341    i.Key_Clear         key.o
    0x08002b2c   0x08002b2c   0x00000058   Code   RO         3342    i.Key_GetState      key.o
    0x08002b84   0x08002b84   0x00000044   Code   RO         3343    i.Key_Init          key.o
    0x08002bc8   0x08002bc8   0x000002b0   Code   RO         3344    i.Key_Tick          key.o
    0x08002e78   0x08002e78   0x00000034   Code   RO         3310    i.LED_Init          led.o
    0x08002eac   0x08002eac   0x00000014   Code   RO         3311    i.LED_OFF           led.o
    0x08002ec0   0x08002ec0   0x00000014   Code   RO         3312    i.LED_ON            led.o
    0x08002ed4   0x08002ed4   0x00000034   Code   RO         4311    i.LoadParam         debugmode.o
    0x08002f08   0x08002f08   0x00000082   Code   RO         3703    i.MPU6050_GetData   mpu6050.o
    0x08002f8a   0x08002f8a   0x0000000a   Code   RO         3704    i.MPU6050_GetID     mpu6050.o
    0x08002f94   0x08002f94   0x00000038   Code   RO         3705    i.MPU6050_Init      mpu6050.o
    0x08002fcc   0x08002fcc   0x0000003e   Code   RO         3706    i.MPU6050_ReadReg   mpu6050.o
    0x0800300a   0x0800300a   0x0000005e   Code   RO         3707    i.MPU6050_ReadRegs  mpu6050.o
    0x08003068   0x08003068   0x0000002e   Code   RO         3708    i.MPU6050_WriteReg  mpu6050.o
    0x08003096   0x08003096   0x00000004   Code   RO         4231    i.MemManage_Handler  stm32f10x_it.o
    0x0800309a   0x0800309a   0x00000002   PAD
    0x0800309c   0x0800309c   0x00000030   Code   RO         3658    i.Motor_Init        motor.o
    0x080030cc   0x080030cc   0x00000088   Code   RO         3659    i.Motor_SetPWM      motor.o
    0x08003154   0x08003154   0x00000014   Code   RO         3233    i.MyFLASH_ErasePage  myflash.o
    0x08003168   0x08003168   0x00000018   Code   RO         3234    i.MyFLASH_ProgramHalfWord  myflash.o
    0x08003180   0x08003180   0x00000006   Code   RO         3237    i.MyFLASH_ReadHalfWord  myflash.o
    0x08003186   0x08003186   0x00000002   PAD
    0x08003188   0x08003188   0x00000038   Code   RO         3751    i.MyI2C_Init        myi2c.o
    0x080031c0   0x080031c0   0x00000018   Code   RO         3752    i.MyI2C_R_SDA       myi2c.o
    0x080031d8   0x080031d8   0x0000001e   Code   RO         3753    i.MyI2C_ReceiveAck  myi2c.o
    0x080031f6   0x080031f6   0x00000032   Code   RO         3754    i.MyI2C_ReceiveByte  myi2c.o
    0x08003228   0x08003228   0x00000018   Code   RO         3755    i.MyI2C_SendAck     myi2c.o
    0x08003240   0x08003240   0x00000032   Code   RO         3756    i.MyI2C_SendByte    myi2c.o
    0x08003272   0x08003272   0x0000001c   Code   RO         3757    i.MyI2C_Start       myi2c.o
    0x0800328e   0x0800328e   0x00000016   Code   RO         3758    i.MyI2C_Stop        myi2c.o
    0x080032a4   0x080032a4   0x00000018   Code   RO         3759    i.MyI2C_W_SCL       myi2c.o
    0x080032bc   0x080032bc   0x00000018   Code   RO         3760    i.MyI2C_W_SDA       myi2c.o
    0x080032d4   0x080032d4   0x00000002   Code   RO         4232    i.NMI_Handler       stm32f10x_it.o
    0x080032d6   0x080032d6   0x00000016   Code   RO         3820    i.NRF24L01_FlushRx  nrf24l01.o
    0x080032ec   0x080032ec   0x00000016   Code   RO         3821    i.NRF24L01_FlushTx  nrf24l01.o
    0x08003302   0x08003302   0x00000002   PAD
    0x08003304   0x08003304   0x0000008c   Code   RO         3822    i.NRF24L01_GPIO_Init  nrf24l01.o
    0x08003390   0x08003390   0x0000006c   Code   RO         3823    i.NRF24L01_Init     nrf24l01.o
    0x080033fc   0x080033fc   0x00000010   Code   RO         3825    i.NRF24L01_R_MISO   nrf24l01.o
    0x0800340c   0x0800340c   0x00000022   Code   RO         3826    i.NRF24L01_ReadReg  nrf24l01.o
    0x0800342e   0x0800342e   0x00000034   Code   RO         3827    i.NRF24L01_ReadRegs  nrf24l01.o
    0x08003462   0x08003462   0x0000002e   Code   RO         3828    i.NRF24L01_ReadRxPayload  nrf24l01.o
    0x08003490   0x08003490   0x0000001a   Code   RO         3829    i.NRF24L01_ReadStatus  nrf24l01.o
    0x080034aa   0x080034aa   0x00000002   PAD
    0x080034ac   0x080034ac   0x00000058   Code   RO         3830    i.NRF24L01_Receive  nrf24l01.o
    0x08003504   0x08003504   0x0000002c   Code   RO         3831    i.NRF24L01_Rx       nrf24l01.o
    0x08003530   0x08003530   0x00000042   Code   RO         3832    i.NRF24L01_SPI_SwapByte  nrf24l01.o
    0x08003572   0x08003572   0x00000002   PAD
    0x08003574   0x08003574   0x00000094   Code   RO         3833    i.NRF24L01_Send     nrf24l01.o
    0x08003608   0x08003608   0x00000030   Code   RO         3835    i.NRF24L01_Tx       nrf24l01.o
    0x08003638   0x08003638   0x00000018   Code   RO         3837    i.NRF24L01_W_CE     nrf24l01.o
    0x08003650   0x08003650   0x00000018   Code   RO         3838    i.NRF24L01_W_CSN    nrf24l01.o
    0x08003668   0x08003668   0x00000014   Code   RO         3839    i.NRF24L01_W_MOSI   nrf24l01.o
    0x0800367c   0x0800367c   0x00000014   Code   RO         3840    i.NRF24L01_W_SCK    nrf24l01.o
    0x08003690   0x08003690   0x00000022   Code   RO         3841    i.NRF24L01_WriteReg  nrf24l01.o
    0x080036b2   0x080036b2   0x00000034   Code   RO         3842    i.NRF24L01_WriteRegs  nrf24l01.o
    0x080036e6   0x080036e6   0x0000002c   Code   RO         3843    i.NRF24L01_WriteTxPayload  nrf24l01.o
    0x08003712   0x08003712   0x00000002   PAD
    0x08003714   0x08003714   0x00000070   Code   RO          137    i.NVIC_Init         misc.o
    0x08003784   0x08003784   0x00000014   Code   RO          138    i.NVIC_PriorityGroupConfig  misc.o
    0x08003798   0x08003798   0x00000028   Code   RO         3382    i.OLED_Clear        oled.o
    0x080037c0   0x080037c0   0x00000090   Code   RO         3383    i.OLED_ClearArea    oled.o
    0x08003850   0x08003850   0x00000176   Code   RO         3387    i.OLED_DrawLine     oled.o
    0x080039c6   0x080039c6   0x00000002   PAD
    0x080039c8   0x080039c8   0x00000050   Code   RO         3388    i.OLED_DrawPoint    oled.o
    0x08003a18   0x08003a18   0x00000060   Code   RO         3391    i.OLED_GPIO_Init    oled.o
    0x08003a78   0x08003a78   0x0000003e   Code   RO         3393    i.OLED_I2C_SendByte  oled.o
    0x08003ab6   0x08003ab6   0x0000001c   Code   RO         3394    i.OLED_I2C_Start    oled.o
    0x08003ad2   0x08003ad2   0x00000016   Code   RO         3395    i.OLED_I2C_Stop     oled.o
    0x08003ae8   0x08003ae8   0x0000009a   Code   RO         3396    i.OLED_Init         oled.o
    0x08003b82   0x08003b82   0x00000032   Code   RO         3399    i.OLED_Printf       oled.o
    0x08003bb4   0x08003bb4   0x00000090   Code   RO         3401    i.OLED_ReverseArea  oled.o
    0x08003c44   0x08003c44   0x00000022   Code   RO         3402    i.OLED_SetCursor    oled.o
    0x08003c66   0x08003c66   0x00000002   PAD
    0x08003c68   0x08003c68   0x00000054   Code   RO         3404    i.OLED_ShowChar     oled.o
    0x08003cbc   0x08003cbc   0x000000fc   Code   RO         3407    i.OLED_ShowImage    oled.o
    0x08003db8   0x08003db8   0x000001c4   Code   RO         3410    i.OLED_ShowString   oled.o
    0x08003f7c   0x08003f7c   0x00000028   Code   RO         3411    i.OLED_Update       oled.o
    0x08003fa4   0x08003fa4   0x00000018   Code   RO         3413    i.OLED_W_SCL        oled.o
    0x08003fbc   0x08003fbc   0x00000018   Code   RO         3414    i.OLED_W_SDA        oled.o
    0x08003fd4   0x08003fd4   0x00000020   Code   RO         3415    i.OLED_WriteCommand  oled.o
    0x08003ff4   0x08003ff4   0x0000002e   Code   RO         3416    i.OLED_WriteData    oled.o
    0x08004022   0x08004022   0x00000016   Code   RO         4291    i.PID_Init          pid.o
    0x08004038   0x08004038   0x000000d0   Code   RO         4292    i.PID_Update        pid.o
    0x08004108   0x08004108   0x0000009c   Code   RO         3679    i.PWM_Init          pwm.o
    0x080041a4   0x080041a4   0x00000010   Code   RO         3680    i.PWM_SetCompare1   pwm.o
    0x080041b4   0x080041b4   0x00000010   Code   RO         3681    i.PWM_SetCompare2   pwm.o
    0x080041c4   0x080041c4   0x00000002   Code   RO         4233    i.PendSV_Handler    stm32f10x_it.o
    0x080041c6   0x080041c6   0x00000002   PAD
    0x080041c8   0x080041c8   0x00000020   Code   RO         1775    i.RCC_APB1PeriphClockCmd  stm32f10x_rcc.o
    0x080041e8   0x080041e8   0x00000020   Code   RO         1777    i.RCC_APB2PeriphClockCmd  stm32f10x_rcc.o
    0x08004208   0x08004208   0x000000d4   Code   RO         1785    i.RCC_GetClocksFreq  stm32f10x_rcc.o
    0x080042dc   0x080042dc   0x00000002   Code   RO         4234    i.SVC_Handler       stm32f10x_it.o
    0x080042de   0x080042de   0x00000002   PAD
    0x080042e0   0x080042e0   0x00000034   Code   RO         4312    i.SaveParam         debugmode.o
    0x08004314   0x08004314   0x000002a8   Code   RO         4313    i.SensorCalibration  debugmode.o
    0x080045bc   0x080045bc   0x0000000c   Code   RO         3977    i.Serial_GetRxData  serial.o
    0x080045c8   0x080045c8   0x0000001c   Code   RO         3978    i.Serial_GetRxFlag  serial.o
    0x080045e4   0x080045e4   0x000000b8   Code   RO         3979    i.Serial_Init       serial.o
    0x0800469c   0x0800469c   0x00000020   Code   RO         3983    i.Serial_SendByte   serial.o
    0x080046bc   0x080046bc   0x00000008   Code   RO           24    i.SetSysClock       system_stm32f10x.o
    0x080046c4   0x080046c4   0x000000e0   Code   RO           25    i.SetSysClockTo72   system_stm32f10x.o
    0x080047a4   0x080047a4   0x00000068   Code   RO         3281    i.Store_Init        store.o
    0x0800480c   0x0800480c   0x00000030   Code   RO         3282    i.Store_Save        store.o
    0x0800483c   0x0800483c   0x00000002   Code   RO         4235    i.SysTick_Handler   stm32f10x_it.o
    0x0800483e   0x0800483e   0x00000002   PAD
    0x08004840   0x08004840   0x00000060   Code   RO           27    i.SystemInit        system_stm32f10x.o
    0x080048a0   0x080048a0   0x00000080   Code   RO         2405    i.TI1_Config        stm32f10x_tim.o
    0x08004920   0x08004920   0x00000098   Code   RO         2406    i.TI2_Config        stm32f10x_tim.o
    0x080049b8   0x080049b8   0x00000090   Code   RO         2407    i.TI3_Config        stm32f10x_tim.o
    0x08004a48   0x08004a48   0x00000098   Code   RO         2408    i.TI4_Config        stm32f10x_tim.o
    0x08004ae0   0x08004ae0   0x0000046c   Code   RO         4150    i.TIM1_UP_IRQHandler  main.o
    0x08004f4c   0x08004f4c   0x00000006   Code   RO         2415    i.TIM_ClearFlag     stm32f10x_tim.o
    0x08004f52   0x08004f52   0x00000006   Code   RO         2416    i.TIM_ClearITPendingBit  stm32f10x_tim.o
    0x08004f58   0x08004f58   0x00000018   Code   RO         2421    i.TIM_Cmd           stm32f10x_tim.o
    0x08004f70   0x08004f70   0x00000042   Code   RO         2430    i.TIM_EncoderInterfaceConfig  stm32f10x_tim.o
    0x08004fb2   0x08004fb2   0x00000006   Code   RO         2440    i.TIM_GetCounter    stm32f10x_tim.o
    0x08004fb8   0x08004fb8   0x00000022   Code   RO         2442    i.TIM_GetITStatus   stm32f10x_tim.o
    0x08004fda   0x08004fda   0x00000002   PAD
    0x08004fdc   0x08004fdc   0x000000ac   Code   RO         2444    i.TIM_ICInit        stm32f10x_tim.o
    0x08005088   0x08005088   0x00000012   Code   RO         2445    i.TIM_ICStructInit  stm32f10x_tim.o
    0x0800509a   0x0800509a   0x00000012   Code   RO         2446    i.TIM_ITConfig      stm32f10x_tim.o
    0x080050ac   0x080050ac   0x0000000c   Code   RO         2448    i.TIM_InternalClockConfig  stm32f10x_tim.o
    0x080050b8   0x080050b8   0x00000098   Code   RO         2450    i.TIM_OC1Init       stm32f10x_tim.o
    0x08005150   0x08005150   0x000000a4   Code   RO         2455    i.TIM_OC2Init       stm32f10x_tim.o
    0x080051f4   0x080051f4   0x00000014   Code   RO         2468    i.TIM_OCStructInit  stm32f10x_tim.o
    0x08005208   0x08005208   0x00000004   Code   RO         2482    i.TIM_SetCompare1   stm32f10x_tim.o
    0x0800520c   0x0800520c   0x00000004   Code   RO         2483    i.TIM_SetCompare2   stm32f10x_tim.o
    0x08005210   0x08005210   0x00000004   Code   RO         2486    i.TIM_SetCounter    stm32f10x_tim.o
    0x08005214   0x08005214   0x00000012   Code   RO         2487    i.TIM_SetIC1Prescaler  stm32f10x_tim.o
    0x08005226   0x08005226   0x0000001a   Code   RO         2488    i.TIM_SetIC2Prescaler  stm32f10x_tim.o
    0x08005240   0x08005240   0x00000012   Code   RO         2489    i.TIM_SetIC3Prescaler  stm32f10x_tim.o
    0x08005252   0x08005252   0x0000001a   Code   RO         2490    i.TIM_SetIC4Prescaler  stm32f10x_tim.o
    0x0800526c   0x0800526c   0x000000a4   Code   RO         2492    i.TIM_TimeBaseInit  stm32f10x_tim.o
    0x08005310   0x08005310   0x0000007c   Code   RO         3220    i.Timer_Init        timer.o
    0x0800538c   0x0800538c   0x00000038   Code   RO         3986    i.USART1_IRQHandler  serial.o
    0x080053c4   0x080053c4   0x00000030   Code   RO         4069    i.USART2_IRQHandler  blueserial.o
    0x080053f4   0x080053f4   0x0000001e   Code   RO         2957    i.USART_ClearITPendingBit  stm32f10x_usart.o
    0x08005412   0x08005412   0x00000018   Code   RO         2960    i.USART_Cmd         stm32f10x_usart.o
    0x0800542a   0x0800542a   0x0000001a   Code   RO         2963    i.USART_GetFlagStatus  stm32f10x_usart.o
    0x08005444   0x08005444   0x00000054   Code   RO         2964    i.USART_GetITStatus  stm32f10x_usart.o
    0x08005498   0x08005498   0x0000004a   Code   RO         2966    i.USART_ITConfig    stm32f10x_usart.o
    0x080054e2   0x080054e2   0x00000002   PAD
    0x080054e4   0x080054e4   0x000000d8   Code   RO         2967    i.USART_Init        stm32f10x_usart.o
    0x080055bc   0x080055bc   0x0000000a   Code   RO         2974    i.USART_ReceiveData  stm32f10x_usart.o
    0x080055c6   0x080055c6   0x00000008   Code   RO         2977    i.USART_SendData    stm32f10x_usart.o
    0x080055ce   0x080055ce   0x00000004   Code   RO         4236    i.UsageFault_Handler  stm32f10x_it.o
    0x080055d2   0x080055d2   0x00000028   Code   RO         4621    i.__ARM_fpclassify  m_ws.l(fpclassify.o)
    0x080055fa   0x080055fa   0x000000aa   Code   RO         4623    i.__kernel_poly     m_ws.l(poly.o)
    0x080056a4   0x080056a4   0x00000006   Code   RO         4565    i.__mathlib_dbl_infnan  m_ws.l(dunder.o)
    0x080056aa   0x080056aa   0x00000004   Code   RO         4566    i.__mathlib_dbl_infnan2  m_ws.l(dunder.o)
    0x080056ae   0x080056ae   0x00000002   PAD
    0x080056b0   0x080056b0   0x00000010   Code   RO         4570    i.__mathlib_dbl_underflow  m_ws.l(dunder.o)
    0x080056c0   0x080056c0   0x0000000e   Code   RO         4494    i._is_digit         c_w.l(__printf_wp.o)
    0x080056ce   0x080056ce   0x00000002   PAD
    0x080056d0   0x080056d0   0x00000220   Code   RO         4555    i.atan              m_ws.l(atan.o)
    0x080058f0   0x080058f0   0x0000019c   Code   RO         4419    i.atan2             m_ws.l(atan2.o)
    0x08005a8c   0x08005a8c   0x000006b4   Code   RO         4151    i.main              main.o
    0x08006140   0x08006140   0x0000002c   Code   RO         4662    locale$$code        c_w.l(lc_ctype_c.o)
    0x0800616c   0x0800616c   0x0000002c   Code   RO         4665    locale$$code        c_w.l(lc_numeric_c.o)
    0x08006198   0x08006198   0x00000062   Code   RO         4360    x$fpl$d2f           fz_ws.l(d2f.o)
    0x080061fa   0x080061fa   0x00000002   PAD
    0x080061fc   0x080061fc   0x00000150   Code   RO         4362    x$fpl$dadd          fz_ws.l(daddsub_clz.o)
    0x0800634c   0x0800634c   0x00000010   Code   RO         4675    x$fpl$dcheck1       fz_ws.l(dcheck1.o)
    0x0800635c   0x0800635c   0x00000018   Code   RO         4529    x$fpl$dcmpinf       fz_ws.l(dcmpi.o)
    0x08006374   0x08006374   0x000002b0   Code   RO         4369    x$fpl$ddiv          fz_ws.l(ddiv.o)
    0x08006624   0x08006624   0x00000078   Code   RO         4531    x$fpl$deqf          fz_ws.l(deqf.o)
    0x0800669c   0x0800669c   0x0000002e   Code   RO         4381    x$fpl$dflt          fz_ws.l(dflt_clz.o)
    0x080066ca   0x080066ca   0x00000026   Code   RO         4380    x$fpl$dfltu         fz_ws.l(dflt_clz.o)
    0x080066f0   0x080066f0   0x00000078   Code   RO         4386    x$fpl$dleqf         fz_ws.l(dleqf.o)
    0x08006768   0x08006768   0x00000154   Code   RO         4388    x$fpl$dmul          fz_ws.l(dmul.o)
    0x080068bc   0x080068bc   0x0000009c   Code   RO         4533    x$fpl$dnaninf       fz_ws.l(dnaninf.o)
    0x08006958   0x08006958   0x0000000c   Code   RO         4535    x$fpl$dretinf       fz_ws.l(dretinf.o)
    0x08006964   0x08006964   0x0000006c   Code   RO         4390    x$fpl$drleqf        fz_ws.l(drleqf.o)
    0x080069d0   0x080069d0   0x00000016   Code   RO         4363    x$fpl$drsb          fz_ws.l(daddsub_clz.o)
    0x080069e6   0x080069e6   0x00000002   PAD
    0x080069e8   0x080069e8   0x000001d4   Code   RO         4364    x$fpl$dsub          fz_ws.l(daddsub_clz.o)
    0x08006bbc   0x08006bbc   0x00000056   Code   RO         4392    x$fpl$f2d           fz_ws.l(f2d.o)
    0x08006c12   0x08006c12   0x00000002   PAD
    0x08006c14   0x08006c14   0x000000c4   Code   RO         4394    x$fpl$fadd          fz_ws.l(faddsub_clz.o)
    0x08006cd8   0x08006cd8   0x00000018   Code   RO         4539    x$fpl$fcmpinf       fz_ws.l(fcmpi.o)
    0x08006cf0   0x08006cf0   0x00000068   Code   RO         4400    x$fpl$feqf          fz_ws.l(feqf.o)
    0x08006d58   0x08006d58   0x00000036   Code   RO         4402    x$fpl$ffix          fz_ws.l(ffix.o)
    0x08006d8e   0x08006d8e   0x00000002   PAD
    0x08006d90   0x08006d90   0x00000030   Code   RO         4407    x$fpl$fflt          fz_ws.l(fflt_clz.o)
    0x08006dc0   0x08006dc0   0x00000068   Code   RO         4412    x$fpl$fleqf         fz_ws.l(fleqf.o)
    0x08006e28   0x08006e28   0x00000102   Code   RO         4414    x$fpl$fmul          fz_ws.l(fmul.o)
    0x08006f2a   0x08006f2a   0x0000008c   Code   RO         4541    x$fpl$fnaninf       fz_ws.l(fnaninf.o)
    0x08006fb6   0x08006fb6   0x0000000a   Code   RO         4543    x$fpl$fretinf       fz_ws.l(fretinf.o)
    0x08006fc0   0x08006fc0   0x00000062   Code   RO         4416    x$fpl$frleqf        fz_ws.l(frleqf.o)
    0x08007022   0x08007022   0x00000002   PAD
    0x08007024   0x08007024   0x000000ea   Code   RO         4396    x$fpl$fsub          fz_ws.l(faddsub_clz.o)
    0x0800710e   0x0800710e   0x00000004   Code   RO         4545    x$fpl$printf1       fz_ws.l(printf1.o)
    0x08007112   0x08007112   0x00000004   Code   RO         4547    x$fpl$printf2       fz_ws.l(printf2.o)
    0x08007116   0x08007116   0x00000064   Code   RO         4726    x$fpl$retnan        fz_ws.l(retnan.o)
    0x0800717a   0x0800717a   0x0000005c   Code   RO         4619    x$fpl$scalbn        fz_ws.l(scalbn.o)
    0x080071d6   0x080071d6   0x00000030   Code   RO         4739    x$fpl$trapveneer    fz_ws.l(trapv.o)
    0x08007206   0x08007206   0x00000000   Code   RO         4553    x$fpl$usenofp       fz_ws.l(usenofp.o)
    0x08007206   0x08007206   0x000010f6   Data   RO         3628    .constdata          oled_data.o
    0x080082fc   0x080082fc   0x00000008   Data   RO         4453    .constdata          c_w.l(_printf_wctomb.o)
    0x08008304   0x08008304   0x00000028   Data   RO         4482    .constdata          c_w.l(_printf_hex_int_ll_ptr.o)
    0x0800832c   0x0800832c   0x00000011   Data   RO         4502    .constdata          c_w.l(__printf_flags_ss_wp.o)
    0x0800833d   0x0800833d   0x00000003   PAD
    0x08008340   0x08008340   0x00000098   Data   RO         4556    .constdata          m_ws.l(atan.o)
    0x080083d8   0x080083d8   0x00000008   Data   RO         4578    .constdata          m_ws.l(qnan.o)
    0x080083e0   0x080083e0   0x00000026   Data   RO         4606    .constdata          c_w.l(_printf_fp_hex.o)
    0x08008406   0x08008406   0x00000002   PAD
    0x08008408   0x08008408   0x00000094   Data   RO         4637    .constdata          c_w.l(bigflt0.o)
    0x0800849c   0x0800849c   0x00000020   Data   RO         4809    Region$$Table       anon$$obj.o
    0x080084bc   0x080084bc   0x00000110   Data   RO         4661    locale$$data        c_w.l(lc_ctype_c.o)
    0x080085cc   0x080085cc   0x0000001c   Data   RO         4664    locale$$data        c_w.l(lc_numeric_c.o)


    Execution Region RW_IRAM1 (Exec base: 0x20000000, Load base: 0x080085e8, Size: 0x00001130, Max: 0x00005000, ABSOLUTE, COMPRESSED[0x0000004c])

    Exec Addr    Load Addr    Size         Type   Attr      Idx    E Section Name        Object

    0x20000000   COMPRESSED   0x00000014   Data   RW         1805    .data               stm32f10x_rcc.o
    0x20000014   COMPRESSED   0x0000001a   Data   RW         3345    .data               key.o
    0x2000002e   COMPRESSED   0x0000000a   Data   RW         3845    .data               nrf24l01.o
    0x20000038   COMPRESSED   0x00000002   Data   RW         3988    .data               serial.o
    0x2000003a   COMPRESSED   0x00000004   Data   RW         4071    .data               blueserial.o
    0x2000003e   COMPRESSED   0x00000002   PAD
    0x20000040   COMPRESSED   0x0000010c   Data   RW         4152    .data               main.o
    0x2000014c        -       0x00000400   Zero   RW         3283    .bss                store.o
    0x2000054c        -       0x00000400   Zero   RW         3418    .bss                oled.o
    0x2000094c        -       0x00000040   Zero   RW         3844    .bss                nrf24l01.o
    0x2000098c        -       0x00000140   Zero   RW         4070    .bss                blueserial.o
    0x20000acc        -       0x00000060   Zero   RW         4580    .bss                c_w.l(libspace.o)
    0x20000b2c   COMPRESSED   0x00000004   PAD
    0x20000b30        -       0x00000200   Zero   RW            2    HEAP                startup_stm32f10x_md.o
    0x20000d30        -       0x00000400   Zero   RW            1    STACK               startup_stm32f10x_md.o


==============================================================================

Image component sizes


      Code (inc. data)   RO Data    RW Data    ZI Data      Debug   Object Name

       816         74          0          4        320       8028   blueserial.o
         0          0          0          0          0       4500   core_cm3.o
      2416        636          0          0          0       3643   debugmode.o
        70          0          0          0          0        906   delay.o
       376         24          0          0          0       1313   encoder.o
       904         56          0         26          0       3440   key.o
        92         16          0          0          0       1266   led.o
      2848        648          0        268          0       3842   main.o
       132         22          0          0          0     204703   misc.o
       184         10          0          0          0       1052   motor.o
       398          0          0          0          0       3833   mpu6050.o
        50          0          0          0          0       1537   myflash.o
       332         24          0          0          0       4754   myi2c.o
      1078         58          0         10         64      12105   nrf24l01.o
      2182         60          0          0       1024      13833   oled.o
         0          0       4342          0          0       1054   oled_data.o
       230          0          0          0          0       1252   pid.o
       188          4          0          0          0       1567   pwm.o
       312         38          0          2          0       2732   serial.o
        64         26        236          0       1536        804   startup_stm32f10x_md.o
         0          0          0          0          0       1648   stm32f10x_adc.o
       274         30          0          0          0       9466   stm32f10x_flash.o
       458          6          0          0          0      13062   stm32f10x_gpio.o
        26          0          0          0          0       3658   stm32f10x_it.o
       276         32          0         20          0      12922   stm32f10x_rcc.o
      1538        180          0          0          0      35154   stm32f10x_tim.o
       472          6          0          0          0      12387   stm32f10x_usart.o
       152         16          0          0       1024       1663   store.o
       328         28          0          0          0      45141   system_stm32f10x.o
       124          4          0          0          0        537   timer.o

    ----------------------------------------------------------------------
     16350       1998       4610        332       3968     411802   Object Totals
         0          0         32          0          0          0   (incl. Generated)
        30          0          0          2          0          0   (incl. Padding)

    ----------------------------------------------------------------------

      Code (inc. data)   RO Data    RW Data    ZI Data      Debug   Library Member Name

        90          0          0          0          0          0   __dczerorl2.o
         8          0          0          0          0         68   __main.o
       392          4         17          0          0         92   __printf_flags_ss_wp.o
        14          0          0          0          0         68   __printf_wp.o
         0          0          0          0          0          0   __rtentry.o
        12          0          0          0          0          0   __rtentry2.o
         6          0          0          0          0          0   __rtentry4.o
        52          8          0          0          0          0   __scatter.o
        28          0          0          0          0          0   __scatter_zi.o
        28          0          0          0          0         68   _chval.o
         6          0          0          0          0          0   _printf_a.o
         6          0          0          0          0          0   _printf_c.o
        44          0          0          0          0        108   _printf_char.o
        48          6          0          0          0         96   _printf_char_common.o
        40          0          0          0          0         68   _printf_charcount.o
         6          0          0          0          0          0   _printf_d.o
       120         16          0          0          0         92   _printf_dec.o
         6          0          0          0          0          0   _printf_e.o
         6          0          0          0          0          0   _printf_f.o
      1054          0          0          0          0        216   _printf_fp_dec.o
       764          8         38          0          0        100   _printf_fp_hex.o
       128         16          0          0          0         84   _printf_fp_infnan.o
         6          0          0          0          0          0   _printf_g.o
       148          4         40          0          0        160   _printf_hex_int_ll_ptr.o
         6          0          0          0          0          0   _printf_i.o
       178          0          0          0          0         88   _printf_intcommon.o
        10          0          0          0          0          0   _printf_l.o
         6          0          0          0          0          0   _printf_lc.o
        10          0          0          0          0          0   _printf_ll.o
         6          0          0          0          0          0   _printf_lld.o
         6          0          0          0          0          0   _printf_lli.o
         6          0          0          0          0          0   _printf_llo.o
         6          0          0          0          0          0   _printf_llu.o
         6          0          0          0          0          0   _printf_llx.o
       124         16          0          0          0         92   _printf_longlong_dec.o
         6          0          0          0          0          0   _printf_ls.o
         6          0          0          0          0          0   _printf_n.o
         6          0          0          0          0          0   _printf_o.o
       112         10          0          0          0        124   _printf_oct_int_ll.o
         6          0          0          0          0          0   _printf_p.o
        78          0          0          0          0        108   _printf_pad.o
         0          0          0          0          0          0   _printf_percent.o
         4          0          0          0          0          0   _printf_percent_end.o
         6          0          0          0          0          0   _printf_s.o
        82          0          0          0          0         80   _printf_str.o
        36          0          0          0          0         84   _printf_truncate.o
         6          0          0          0          0          0   _printf_u.o
        44          0          0          0          0        108   _printf_wchar.o
       188          6          8          0          0         92   _printf_wctomb.o
         6          0          0          0          0          0   _printf_x.o
        22          0          0          0          0        100   _rserrno.o
        10          0          0          0          0         68   _sputc.o
       158          0          0          0          0         92   _strtoul.o
        64          0          0          0          0         92   _wcrtomb.o
        26          0          0          0          0         80   atoi.o
       228          4        148          0          0         96   bigflt0.o
      1936        128          0          0          0        672   btod.o
        18          0          0          0          0         80   exit.o
         6          0          0          0          0        152   heapauxi.o
         0          0          0          0          0          0   indicate_semi.o
        44         10        272          0          0         76   lc_ctype_c.o
        44         10         28          0          0         76   lc_numeric_c.o
         2          0          0          0          0          0   libinit.o
        30          0          0          0          0          0   libinit2.o
         2          0          0          0          0          0   libshutdown.o
         2          0          0          0          0          0   libshutdown2.o
         8          4          0          0         96         68   libspace.o
       138          0          0          0          0         80   lludiv10.o
        16          4          0          0          0         76   rt_ctype_table.o
         8          4          0          0          0         68   rt_errno_addr_intlibspace.o
         8          4          0          0          0         68   rt_locale_intlibspace.o
        78          0          0          0          0         80   rt_memclr_w.o
         2          0          0          0          0          0   rtexit.o
        10          0          0          0          0          0   rtexit2.o
       128          0          0          0          0         68   strcmpv7m.o
       112          0          0          0          0         88   strtol.o
        12          4          0          0          0         68   sys_exit.o
        74          0          0          0          0         80   sys_stackheap_outer.o
         2          0          0          0          0         68   use_no_semi.o
        36          4          0          0          0         76   vsprintf.o
        98          4          0          0          0         92   d2f.o
       826         16          0          0          0        348   daddsub_clz.o
        16          4          0          0          0         68   dcheck1.o
        24          0          0          0          0         68   dcmpi.o
       688        140          0          0          0        208   ddiv.o
       120          4          0          0          0         92   deqf.o
        84          0          0          0          0        136   dflt_clz.o
       120          4          0          0          0         92   dleqf.o
       340         12          0          0          0        104   dmul.o
       156          4          0          0          0         92   dnaninf.o
        12          0          0          0          0         68   dretinf.o
       108          0          0          0          0         80   drleqf.o
        86          4          0          0          0         84   f2d.o
       430          8          0          0          0        168   faddsub_clz.o
        24          0          0          0          0         68   fcmpi.o
       104          4          0          0          0         84   feqf.o
        54          4          0          0          0         84   ffix.o
        48          0          0          0          0         68   fflt_clz.o
       104          4          0          0          0         84   fleqf.o
       258          4          0          0          0         84   fmul.o
       140          4          0          0          0         84   fnaninf.o
        10          0          0          0          0         68   fretinf.o
        98          0          0          0          0         68   frleqf.o
         4          0          0          0          0         68   printf1.o
         4          0          0          0          0         68   printf2.o
       100          0          0          0          0         68   retnan.o
        92          0          0          0          0         68   scalbn.o
        48          0          0          0          0         68   trapv.o
         0          0          0          0          0          0   usenofp.o
       544         70        152          0          0        124   atan.o
       412         38          0          0          0        144   atan2.o
        26          6          0          0          0        204   dunder.o
        40          0          0          0          0         68   fpclassify.o
       170          0          0          0          0         96   poly.o
         0          0          8          0          0          0   qnan.o

    ----------------------------------------------------------------------
     12604        604        716          0        100       7836   Library Totals
        30          0          5          0          4          0   (incl. Padding)

    ----------------------------------------------------------------------

      Code (inc. data)   RO Data    RW Data    ZI Data      Debug   Library Name

      7186        270        551          0         96       4468   c_w.l
      4196        220          0          0          0       2732   fz_ws.l
      1192        114        160          0          0        636   m_ws.l

    ----------------------------------------------------------------------
     12604        604        716          0        100       7836   Library Totals

    ----------------------------------------------------------------------

==============================================================================


      Code (inc. data)   RO Data    RW Data    ZI Data      Debug   

     28954       2602       5326        332       4068     406634   Grand Totals
     28954       2602       5326         76       4068     406634   ELF Image Totals (compressed)
     28954       2602       5326         76          0          0   ROM Totals

==============================================================================

    Total RO  Size (Code + RO Data)                34280 (  33.48kB)
    Total RW  Size (RW Data + ZI Data)              4400 (   4.30kB)
    Total ROM Size (Code + RO Data + RW Data)      34356 (  33.55kB)

==============================================================================

